#! /usr/bin/env bash
exec /home/marute/miniconda3/envs/digital/bin/vvp -f "$0" "$@" <<'# EOF'
:ivl_version "13.0 (devel)" "(0_8-6859-gf50cc35d2-dirty)";
:ivl_delay_selection "TYPICAL";
:vpi_time_precision - 8;
:vpi_module "/home/marute/miniconda3/envs/digital/lib/ivl/system.vpi";
:vpi_module "/home/marute/miniconda3/envs/digital/lib/ivl/vhdl_sys.vpi";
:vpi_module "/home/marute/miniconda3/envs/digital/lib/ivl/vhdl_textio.vpi";
:vpi_module "/home/marute/miniconda3/envs/digital/lib/ivl/v2005_math.vpi";
:vpi_module "/home/marute/miniconda3/envs/digital/lib/ivl/va_math.vpi";
S_0x19fd5910 .scope module, "uart_TB" "uart_TB" 2 4;
 .timescale -8 -8;
v0x19ffd700_0 .var "clk", 0 0;
v0x19ffd7c0_0 .net "data_available", 0 0, v0x19ffc090_0;  1 drivers
v0x19ffd8d0_0 .var "data_received", 0 0;
v0x19ffd970_0 .var "rst_n", 0 0;
v0x19ffda60_0 .net "rx_data", 7 0, L_0x19fdcfc0;  1 drivers
v0x19ffdba0_0 .net "rx_error", 0 0, v0x19ffc270_0;  1 drivers
v0x19ffdc90_0 .var "rx_line", 0 0;
E_0x19fa87a0 .event anyedge, v0x19ffc090_0;
S_0x19fa2fd0 .scope module, "uut" "uart" 2 19, 3 1 0, S_0x19fd5910;
 .timescale -8 -8;
    .port_info 0 /INPUT 1 "clk";
    .port_info 1 /INPUT 1 "rst_n";
    .port_info 2 /INPUT 1 "rx_line";
    .port_info 3 /INPUT 1 "data_received";
    .port_info 4 /OUTPUT 1 "rx_error";
    .port_info 5 /OUTPUT 8 "rx_data";
    .port_info 6 /OUTPUT 1 "data_available";
v0x19ffc820_0 .net "SEL", 0 0, v0x19ffbcb0_0;  1 drivers
v0x19ffc8e0_0 .net "add", 0 0, v0x19ffb870_0;  1 drivers
v0x19ffc9f0_0 .net "clk", 0 0, v0x19ffd700_0;  1 drivers
v0x19ffca90_0 .net "counter", 9 0, L_0x19fdd1f0;  1 drivers
v0x19ffcb30_0 .net "data_available", 0 0, v0x19ffc090_0;  alias, 1 drivers
v0x19ffcc20_0 .net "data_received", 0 0, v0x19ffd8d0_0;  1 drivers
v0x19ffccc0_0 .net "dec", 0 0, v0x19ffb930_0;  1 drivers
v0x19ffcdb0_0 .net "equal", 0 0, v0x19fdce60_0;  1 drivers
v0x19ffcea0_0 .net "load", 0 0, v0x19ffbad0_0;  1 drivers
v0x19ffcfd0_0 .net "reset", 0 0, v0x19ffbbc0_0;  1 drivers
v0x19ffd070_0 .net "rst_n", 0 0, v0x19ffd970_0;  1 drivers
v0x19ffd110_0 .net "rx_data", 7 0, L_0x19fdcfc0;  alias, 1 drivers
v0x19ffd1b0_0 .net "rx_error", 0 0, v0x19ffc270_0;  alias, 1 drivers
v0x19ffd250_0 .net "rx_line", 0 0, v0x19ffdc90_0;  1 drivers
o0x789ed169b7c8 .functor BUFZ 1, C4<z>; HiZ drive
v0x19ffd2f0_0 .net "rx_received", 0 0, o0x789ed169b7c8;  0 drivers
v0x19ffd390_0 .net "shift", 0 0, v0x19ffbd50_0;  1 drivers
v0x19ffd480_0 .net "time_bit", 9 0, v0x19ffa0b0_0;  1 drivers
v0x19ffd570_0 .net "zero", 0 0, v0x19ff9b70_0;  1 drivers
S_0x19fa32a0 .scope module, "comparador_time_bit" "comparador_time_bit" 3 59, 4 1 0, S_0x19fa2fd0;
 .timescale -8 -8;
    .port_info 0 /INPUT 10 "counter";
    .port_info 1 /INPUT 10 "time_bit";
    .port_info 2 /OUTPUT 1 "E";
v0x19fdce60_0 .var "E", 0 0;
v0x19fdd090_0 .net "counter", 9 0, L_0x19fdd1f0;  alias, 1 drivers
v0x19fdd2c0_0 .net "time_bit", 9 0, v0x19ffa0b0_0;  alias, 1 drivers
E_0x19f7e130 .event anyedge, v0x19fdd090_0, v0x19fdd2c0_0;
S_0x19ff9240 .scope module, "count" "contador" 3 44, 5 1 0, S_0x19fa2fd0;
 .timescale -8 -8;
    .port_info 0 /INPUT 1 "clk";
    .port_info 1 /INPUT 1 "RESET";
    .port_info 2 /INPUT 1 "ADD";
    .port_info 3 /OUTPUT 10 "counter";
L_0x19fdd1f0 .functor BUFZ 10, v0x19ff94c0_0, C4<0000000000>, C4<0000000000>, C4<0000000000>;
v0x19fdd4f0_0 .net "ADD", 0 0, v0x19ffb870_0;  alias, 1 drivers
v0x19f8fba0_0 .net "RESET", 0 0, v0x19ffbbc0_0;  alias, 1 drivers
v0x19fd5560_0 .net "clk", 0 0, v0x19ffd700_0;  alias, 1 drivers
v0x19f8a9d0_0 .net "counter", 9 0, L_0x19fdd1f0;  alias, 1 drivers
v0x19ff94c0_0 .var "counter_reg", 9 0;
E_0x19fddda0 .event posedge, v0x19fd5560_0;
S_0x19ff9650 .scope module, "count_dec" "contador_dec" 3 27, 6 1 0, S_0x19fa2fd0;
 .timescale -8 -8;
    .port_info 0 /INPUT 1 "clk";
    .port_info 1 /INPUT 1 "LD";
    .port_info 2 /INPUT 1 "DEC";
    .port_info 3 /OUTPUT 1 "zero";
v0x19ff9890_0 .net "DEC", 0 0, v0x19ffb930_0;  alias, 1 drivers
v0x19ff9970_0 .net "LD", 0 0, v0x19ffbad0_0;  alias, 1 drivers
v0x19ff9a30_0 .net "clk", 0 0, v0x19ffd700_0;  alias, 1 drivers
v0x19ff9ad0_0 .var "out", 7 0;
v0x19ff9b70_0 .var "zero", 0 0;
E_0x19ff9830 .event negedge, v0x19fd5560_0;
S_0x19ff9d00 .scope module, "mux" "mux" 3 52, 7 1 0, S_0x19fa2fd0;
 .timescale -8 -8;
    .port_info 0 /INPUT 1 "SEL";
    .port_info 1 /OUTPUT 10 "time_bit";
v0x19ff9fd0_0 .net "SEL", 0 0, v0x19ffbcb0_0;  alias, 1 drivers
v0x19ffa0b0_0 .var "time_bit", 9 0;
E_0x19ff9f50 .event anyedge, v0x19ff9fd0_0;
S_0x19ffa1b0 .scope module, "rsr_rx_data" "rsr_rx_data" 3 35, 8 1 0, S_0x19fa2fd0;
 .timescale -8 -8;
    .port_info 0 /INPUT 1 "clk";
    .port_info 1 /INPUT 1 "rx_line";
    .port_info 2 /INPUT 1 "LD";
    .port_info 3 /INPUT 1 "SH";
    .port_info 4 /OUTPUT 8 "rx_data";
L_0x19fdcfc0 .functor BUFZ 8, v0x19ffa730_0, C4<00000000>, C4<00000000>, C4<00000000>;
v0x19ffa3e0_0 .net "LD", 0 0, v0x19ffbad0_0;  alias, 1 drivers
v0x19ffa4b0_0 .net "SH", 0 0, v0x19ffbd50_0;  alias, 1 drivers
v0x19ffa550_0 .net "clk", 0 0, v0x19ffd700_0;  alias, 1 drivers
v0x19ffa670_0 .net "rx_data", 7 0, L_0x19fdcfc0;  alias, 1 drivers
v0x19ffa730_0 .var "rx_data_reg", 7 0;
v0x19ffa860_0 .net "rx_line", 0 0, v0x19ffdc90_0;  alias, 1 drivers
S_0x19ffa9c0 .scope module, "uart_control" "uart_control" 3 66, 9 1 0, S_0x19fa2fd0;
 .timescale -8 -8;
    .port_info 0 /INPUT 1 "clk";
    .port_info 1 /INPUT 1 "zero";
    .port_info 2 /INPUT 1 "E";
    .port_info 3 /INPUT 1 "rx_line";
    .port_info 4 /INPUT 1 "rx_received";
    .port_info 5 /INPUT 1 "data_received";
    .port_info 6 /INPUT 1 "rst_n";
    .port_info 7 /OUTPUT 1 "LD";
    .port_info 8 /OUTPUT 1 "SH";
    .port_info 9 /OUTPUT 1 "DEC";
    .port_info 10 /OUTPUT 1 "RESET";
    .port_info 11 /OUTPUT 1 "ADD";
    .port_info 12 /OUTPUT 1 "SEL";
    .port_info 13 /OUTPUT 1 "rx_error";
    .port_info 14 /OUTPUT 1 "data_available";
P_0x19ffaba0 .param/l "ADD_COUNT0" 0 9 7, C4<0010>;
P_0x19ffabe0 .param/l "ADD_COUNT1" 0 9 11, C4<0110>;
P_0x19ffac20 .param/l "CHECK_COUNT0" 0 9 8, C4<0011>;
P_0x19ffac60 .param/l "CHECK_COUNT1" 0 9 12, C4<0111>;
P_0x19ffaca0 .param/l "CHECK_EB" 0 9 15, C4<1010>;
P_0x19fface0 .param/l "CHECK_I" 0 9 14, C4<1001>;
P_0x19ffad20 .param/l "CHECK_RECEV" 0 9 18, C4<1101>;
P_0x19ffad60 .param/l "CHECK_SB0" 0 9 6, C4<0001>;
P_0x19ffada0 .param/l "CHECK_SB1" 0 9 9, C4<0100>;
P_0x19ffade0 .param/l "DEC_I" 0 9 13, C4<1000>;
P_0x19ffae20 .param/l "END_STATE" 0 9 19, C4<1110>;
P_0x19ffae60 .param/l "RX_AVAIL" 0 9 16, C4<1011>;
P_0x19ffaea0 .param/l "RX_ERROR" 0 9 17, C4<1100>;
P_0x19ffaee0 .param/l "SH_RST" 0 9 10, C4<0101>;
P_0x19ffaf20 .param/l "START" 0 9 5, C4<0000>;
v0x19ffb870_0 .var "ADD", 0 0;
v0x19ffb930_0 .var "DEC", 0 0;
v0x19ffb9d0_0 .net "E", 0 0, v0x19fdce60_0;  alias, 1 drivers
v0x19ffbad0_0 .var "LD", 0 0;
v0x19ffbbc0_0 .var "RESET", 0 0;
v0x19ffbcb0_0 .var "SEL", 0 0;
v0x19ffbd50_0 .var "SH", 0 0;
v0x19ffbe20_0 .net "clk", 0 0, v0x19ffd700_0;  alias, 1 drivers
v0x19ffbec0_0 .var "count", 4 0;
v0x19ffbff0_0 .var "current_state", 3 0;
v0x19ffc090_0 .var "data_available", 0 0;
o0x789ed169b708 .functor BUFZ 1, C4<z>; HiZ drive
v0x19ffc130_0 .net "data_received", 0 0, o0x789ed169b708;  0 drivers
v0x19ffc1d0_0 .net "rst_n", 0 0, v0x19ffd970_0;  alias, 1 drivers
v0x19ffc270_0 .var "rx_error", 0 0;
o0x789ed169b798 .functor BUFZ 1, C4<z>; HiZ drive
v0x19ffc330_0 .net "rx_line", 0 0, o0x789ed169b798;  0 drivers
v0x19ffc3f0_0 .net "rx_received", 0 0, o0x789ed169b7c8;  alias, 0 drivers
v0x19ffc4b0_0 .var "state_name", 95 1;
v0x19ffc590_0 .net "zero", 0 0, v0x19ff9b70_0;  alias, 1 drivers
E_0x19ffb810 .event anyedge, v0x19ffbff0_0;
    .scope S_0x19ff9650;
T_0 ;
    %wait E_0x19ff9830;
    %load/vec4 v0x19ff9970_0;
    %flag_set/vec4 8;
    %jmp/0xz  T_0.0, 8;
    %pushi/vec4 9, 0, 8;
    %assign/vec4 v0x19ff9ad0_0, 0;
    %jmp T_0.1;
T_0.0 ;
    %load/vec4 v0x19ff9890_0;
    %flag_set/vec4 8;
    %jmp/0xz  T_0.2, 8;
    %load/vec4 v0x19ff9ad0_0;
    %subi 1, 0, 8;
    %assign/vec4 v0x19ff9ad0_0, 0;
    %load/vec4 v0x19ff9ad0_0;
    %pad/u 32;
    %pushi/vec4 0, 0, 32;
    %cmp/e;
    %flag_get/vec4 4;
    %store/vec4 v0x19ff9b70_0, 0, 1;
T_0.2 ;
T_0.1 ;
    %jmp T_0;
    .thread T_0;
    .scope S_0x19ffa1b0;
T_1 ;
    %wait E_0x19fddda0;
    %load/vec4 v0x19ffa3e0_0;
    %flag_set/vec4 8;
    %jmp/0xz  T_1.0, 8;
    %pushi/vec4 0, 0, 8;
    %assign/vec4 v0x19ffa730_0, 0;
    %jmp T_1.1;
T_1.0 ;
    %load/vec4 v0x19ffa4b0_0;
    %flag_set/vec4 8;
    %jmp/0xz  T_1.2, 8;
    %load/vec4 v0x19ffa860_0;
    %load/vec4 v0x19ffa730_0;
    %parti/s 7, 1, 2;
    %concat/vec4; draw_concat_vec4
    %assign/vec4 v0x19ffa730_0, 0;
T_1.2 ;
T_1.1 ;
    %jmp T_1;
    .thread T_1;
    .scope S_0x19ff9240;
T_2 ;
    %wait E_0x19fddda0;
    %load/vec4 v0x19f8fba0_0;
    %flag_set/vec4 8;
    %jmp/0xz  T_2.0, 8;
    %pushi/vec4 0, 0, 10;
    %assign/vec4 v0x19ff94c0_0, 0;
    %jmp T_2.1;
T_2.0 ;
    %load/vec4 v0x19fdd4f0_0;
    %flag_set/vec4 8;
    %jmp/0xz  T_2.2, 8;
    %load/vec4 v0x19ff94c0_0;
    %addi 1, 0, 10;
    %assign/vec4 v0x19ff94c0_0, 0;
T_2.2 ;
T_2.1 ;
    %jmp T_2;
    .thread T_2;
    .scope S_0x19ff9d00;
T_3 ;
    %wait E_0x19ff9f50;
    %load/vec4 v0x19ff9fd0_0;
    %flag_set/vec4 8;
    %jmp/0xz  T_3.0, 8;
    %pushi/vec4 217, 0, 10;
    %store/vec4 v0x19ffa0b0_0, 0, 10;
    %jmp T_3.1;
T_3.0 ;
    %pushi/vec4 109, 0, 10;
    %store/vec4 v0x19ffa0b0_0, 0, 10;
T_3.1 ;
    %jmp T_3;
    .thread T_3, $push;
    .scope S_0x19fa32a0;
T_4 ;
    %wait E_0x19f7e130;
    %load/vec4 v0x19fdd090_0;
    %load/vec4 v0x19fdd2c0_0;
    %cmp/e;
    %jmp/0xz  T_4.0, 4;
    %pushi/vec4 1, 0, 1;
    %store/vec4 v0x19fdce60_0, 0, 1;
    %jmp T_4.1;
T_4.0 ;
    %pushi/vec4 0, 0, 1;
    %store/vec4 v0x19fdce60_0, 0, 1;
T_4.1 ;
    %jmp T_4;
    .thread T_4, $push;
    .scope S_0x19ffa9c0;
T_5 ;
    %wait E_0x19fddda0;
    %load/vec4 v0x19ffc1d0_0;
    %nor/r;
    %flag_set/vec4 8;
    %jmp/0xz  T_5.0, 8;
    %pushi/vec4 0, 0, 4;
    %store/vec4 v0x19ffbff0_0, 0, 4;
    %jmp T_5.1;
T_5.0 ;
    %load/vec4 v0x19ffbff0_0;
    %dup/vec4;
    %pushi/vec4 0, 0, 4;
    %cmp/u;
    %jmp/1 T_5.2, 6;
    %dup/vec4;
    %pushi/vec4 1, 0, 4;
    %cmp/u;
    %jmp/1 T_5.3, 6;
    %dup/vec4;
    %pushi/vec4 2, 0, 4;
    %cmp/u;
    %jmp/1 T_5.4, 6;
    %dup/vec4;
    %pushi/vec4 3, 0, 4;
    %cmp/u;
    %jmp/1 T_5.5, 6;
    %dup/vec4;
    %pushi/vec4 4, 0, 4;
    %cmp/u;
    %jmp/1 T_5.6, 6;
    %dup/vec4;
    %pushi/vec4 5, 0, 4;
    %cmp/u;
    %jmp/1 T_5.7, 6;
    %dup/vec4;
    %pushi/vec4 6, 0, 4;
    %cmp/u;
    %jmp/1 T_5.8, 6;
    %dup/vec4;
    %pushi/vec4 7, 0, 4;
    %cmp/u;
    %jmp/1 T_5.9, 6;
    %dup/vec4;
    %pushi/vec4 9, 0, 4;
    %cmp/u;
    %jmp/1 T_5.10, 6;
    %dup/vec4;
    %pushi/vec4 8, 0, 4;
    %cmp/u;
    %jmp/1 T_5.11, 6;
    %dup/vec4;
    %pushi/vec4 10, 0, 4;
    %cmp/u;
    %jmp/1 T_5.12, 6;
    %dup/vec4;
    %pushi/vec4 11, 0, 4;
    %cmp/u;
    %jmp/1 T_5.13, 6;
    %dup/vec4;
    %pushi/vec4 12, 0, 4;
    %cmp/u;
    %jmp/1 T_5.14, 6;
    %dup/vec4;
    %pushi/vec4 13, 0, 4;
    %cmp/u;
    %jmp/1 T_5.15, 6;
    %dup/vec4;
    %pushi/vec4 14, 0, 4;
    %cmp/u;
    %jmp/1 T_5.16, 6;
    %pushi/vec4 0, 0, 4;
    %store/vec4 v0x19ffbff0_0, 0, 4;
    %jmp T_5.18;
T_5.2 ;
    %pushi/vec4 1, 0, 4;
    %store/vec4 v0x19ffbff0_0, 0, 4;
    %jmp T_5.18;
T_5.3 ;
    %load/vec4 v0x19ffc330_0;
    %flag_set/vec4 8;
    %jmp/0xz  T_5.19, 8;
    %pushi/vec4 2, 0, 4;
    %store/vec4 v0x19ffbff0_0, 0, 4;
    %jmp T_5.20;
T_5.19 ;
    %pushi/vec4 1, 0, 4;
    %store/vec4 v0x19ffbff0_0, 0, 4;
T_5.20 ;
    %jmp T_5.18;
T_5.4 ;
    %pushi/vec4 3, 0, 4;
    %store/vec4 v0x19ffbff0_0, 0, 4;
    %jmp T_5.18;
T_5.5 ;
    %load/vec4 v0x19ffb9d0_0;
    %flag_set/vec4 8;
    %jmp/0xz  T_5.21, 8;
    %pushi/vec4 4, 0, 4;
    %store/vec4 v0x19ffbff0_0, 0, 4;
    %jmp T_5.22;
T_5.21 ;
    %pushi/vec4 2, 0, 4;
    %store/vec4 v0x19ffbff0_0, 0, 4;
T_5.22 ;
    %jmp T_5.18;
T_5.6 ;
    %load/vec4 v0x19ffb9d0_0;
    %flag_set/vec4 8;
    %jmp/0xz  T_5.23, 8;
    %pushi/vec4 4, 0, 4;
    %store/vec4 v0x19ffbff0_0, 0, 4;
    %jmp T_5.24;
T_5.23 ;
    %pushi/vec4 2, 0, 4;
    %store/vec4 v0x19ffbff0_0, 0, 4;
T_5.24 ;
    %jmp T_5.18;
T_5.7 ;
    %pushi/vec4 6, 0, 4;
    %store/vec4 v0x19ffbff0_0, 0, 4;
    %jmp T_5.18;
T_5.8 ;
    %pushi/vec4 7, 0, 4;
    %store/vec4 v0x19ffbff0_0, 0, 4;
    %jmp T_5.18;
T_5.9 ;
    %load/vec4 v0x19ffb9d0_0;
    %flag_set/vec4 8;
    %jmp/0xz  T_5.25, 8;
    %pushi/vec4 9, 0, 4;
    %store/vec4 v0x19ffbff0_0, 0, 4;
    %jmp T_5.26;
T_5.25 ;
    %pushi/vec4 6, 0, 4;
    %store/vec4 v0x19ffbff0_0, 0, 4;
T_5.26 ;
    %jmp T_5.18;
T_5.10 ;
    %load/vec4 v0x19ffc590_0;
    %flag_set/vec4 8;
    %jmp/0xz  T_5.27, 8;
    %pushi/vec4 10, 0, 4;
    %store/vec4 v0x19ffbff0_0, 0, 4;
    %jmp T_5.28;
T_5.27 ;
    %pushi/vec4 8, 0, 4;
    %store/vec4 v0x19ffbff0_0, 0, 4;
T_5.28 ;
    %jmp T_5.18;
T_5.11 ;
    %pushi/vec4 5, 0, 4;
    %store/vec4 v0x19ffbff0_0, 0, 4;
    %jmp T_5.18;
T_5.12 ;
    %load/vec4 v0x19ffc330_0;
    %flag_set/vec4 8;
    %jmp/0xz  T_5.29, 8;
    %pushi/vec4 11, 0, 4;
    %store/vec4 v0x19ffbff0_0, 0, 4;
    %jmp T_5.30;
T_5.29 ;
    %pushi/vec4 12, 0, 4;
    %store/vec4 v0x19ffbff0_0, 0, 4;
T_5.30 ;
    %jmp T_5.18;
T_5.13 ;
    %pushi/vec4 13, 0, 4;
    %store/vec4 v0x19ffbff0_0, 0, 4;
    %jmp T_5.18;
T_5.14 ;
    %pushi/vec4 14, 0, 4;
    %store/vec4 v0x19ffbff0_0, 0, 4;
    %jmp T_5.18;
T_5.15 ;
    %load/vec4 v0x19ffc130_0;
    %flag_set/vec4 8;
    %jmp/0xz  T_5.31, 8;
    %pushi/vec4 14, 0, 4;
    %store/vec4 v0x19ffbff0_0, 0, 4;
    %jmp T_5.32;
T_5.31 ;
    %pushi/vec4 13, 0, 4;
    %store/vec4 v0x19ffbff0_0, 0, 4;
T_5.32 ;
    %jmp T_5.18;
T_5.16 ;
    %load/vec4 v0x19ffbec0_0;
    %addi 1, 0, 5;
    %store/vec4 v0x19ffbec0_0, 0, 5;
    %load/vec4 v0x19ffbec0_0;
    %pad/u 32;
    %cmpi/u 28, 0, 32;
    %flag_or 5, 4; GT is !LE
    %flag_inv 5;
    %flag_mov 8, 5;
    %jmp/0 T_5.33, 8;
    %pushi/vec4 0, 0, 4;
    %jmp/1 T_5.34, 8;
T_5.33 ; End of true expr.
    %pushi/vec4 14, 0, 4;
    %jmp/0 T_5.34, 8;
 ; End of false expr.
    %blend;
T_5.34;
    %store/vec4 v0x19ffbff0_0, 0, 4;
    %jmp T_5.18;
T_5.18 ;
    %pop/vec4 1;
T_5.1 ;
    %jmp T_5;
    .thread T_5;
    .scope S_0x19ffa9c0;
T_6 ;
    %wait E_0x19ffb810;
    %load/vec4 v0x19ffbff0_0;
    %dup/vec4;
    %pushi/vec4 0, 0, 4;
    %cmp/u;
    %jmp/1 T_6.0, 6;
    %dup/vec4;
    %pushi/vec4 1, 0, 4;
    %cmp/u;
    %jmp/1 T_6.1, 6;
    %dup/vec4;
    %pushi/vec4 2, 0, 4;
    %cmp/u;
    %jmp/1 T_6.2, 6;
    %dup/vec4;
    %pushi/vec4 3, 0, 4;
    %cmp/u;
    %jmp/1 T_6.3, 6;
    %dup/vec4;
    %pushi/vec4 4, 0, 4;
    %cmp/u;
    %jmp/1 T_6.4, 6;
    %dup/vec4;
    %pushi/vec4 5, 0, 4;
    %cmp/u;
    %jmp/1 T_6.5, 6;
    %dup/vec4;
    %pushi/vec4 6, 0, 4;
    %cmp/u;
    %jmp/1 T_6.6, 6;
    %dup/vec4;
    %pushi/vec4 7, 0, 4;
    %cmp/u;
    %jmp/1 T_6.7, 6;
    %dup/vec4;
    %pushi/vec4 9, 0, 4;
    %cmp/u;
    %jmp/1 T_6.8, 6;
    %dup/vec4;
    %pushi/vec4 8, 0, 4;
    %cmp/u;
    %jmp/1 T_6.9, 6;
    %dup/vec4;
    %pushi/vec4 10, 0, 4;
    %cmp/u;
    %jmp/1 T_6.10, 6;
    %dup/vec4;
    %pushi/vec4 11, 0, 4;
    %cmp/u;
    %jmp/1 T_6.11, 6;
    %dup/vec4;
    %pushi/vec4 13, 0, 4;
    %cmp/u;
    %jmp/1 T_6.12, 6;
    %dup/vec4;
    %pushi/vec4 12, 0, 4;
    %cmp/u;
    %jmp/1 T_6.13, 6;
    %dup/vec4;
    %pushi/vec4 14, 0, 4;
    %cmp/u;
    %jmp/1 T_6.14, 6;
    %pushi/vec4 0, 0, 1;
    %store/vec4 v0x19ffbad0_0, 0, 1;
    %pushi/vec4 0, 0, 1;
    %store/vec4 v0x19ffb870_0, 0, 1;
    %pushi/vec4 0, 0, 1;
    %store/vec4 v0x19ffbcb0_0, 0, 1;
    %pushi/vec4 0, 0, 1;
    %store/vec4 v0x19ffbd50_0, 0, 1;
    %pushi/vec4 0, 0, 1;
    %store/vec4 v0x19ffb930_0, 0, 1;
    %pushi/vec4 0, 0, 1;
    %store/vec4 v0x19ffbbc0_0, 0, 1;
    %pushi/vec4 0, 0, 1;
    %store/vec4 v0x19ffc270_0, 0, 1;
    %pushi/vec4 0, 0, 1;
    %store/vec4 v0x19ffc090_0, 0, 1;
    %jmp T_6.16;
T_6.0 ;
    %pushi/vec4 1, 0, 1;
    %store/vec4 v0x19ffbad0_0, 0, 1;
    %pushi/vec4 0, 0, 1;
    %store/vec4 v0x19ffb870_0, 0, 1;
    %pushi/vec4 0, 0, 1;
    %store/vec4 v0x19ffbcb0_0, 0, 1;
    %pushi/vec4 0, 0, 1;
    %store/vec4 v0x19ffbd50_0, 0, 1;
    %pushi/vec4 0, 0, 1;
    %store/vec4 v0x19ffb930_0, 0, 1;
    %pushi/vec4 1, 0, 1;
    %store/vec4 v0x19ffbbc0_0, 0, 1;
    %pushi/vec4 0, 0, 1;
    %store/vec4 v0x19ffc270_0, 0, 1;
    %pushi/vec4 0, 0, 1;
    %store/vec4 v0x19ffc090_0, 0, 1;
    %jmp T_6.16;
T_6.1 ;
    %pushi/vec4 0, 0, 1;
    %store/vec4 v0x19ffbad0_0, 0, 1;
    %pushi/vec4 0, 0, 1;
    %store/vec4 v0x19ffb870_0, 0, 1;
    %pushi/vec4 0, 0, 1;
    %store/vec4 v0x19ffbcb0_0, 0, 1;
    %pushi/vec4 0, 0, 1;
    %store/vec4 v0x19ffbd50_0, 0, 1;
    %pushi/vec4 0, 0, 1;
    %store/vec4 v0x19ffb930_0, 0, 1;
    %pushi/vec4 0, 0, 1;
    %store/vec4 v0x19ffbbc0_0, 0, 1;
    %pushi/vec4 0, 0, 1;
    %store/vec4 v0x19ffc270_0, 0, 1;
    %pushi/vec4 0, 0, 1;
    %store/vec4 v0x19ffc090_0, 0, 1;
    %jmp T_6.16;
T_6.2 ;
    %pushi/vec4 0, 0, 1;
    %store/vec4 v0x19ffbad0_0, 0, 1;
    %pushi/vec4 1, 0, 1;
    %store/vec4 v0x19ffb870_0, 0, 1;
    %pushi/vec4 0, 0, 1;
    %store/vec4 v0x19ffbcb0_0, 0, 1;
    %pushi/vec4 0, 0, 1;
    %store/vec4 v0x19ffbd50_0, 0, 1;
    %pushi/vec4 0, 0, 1;
    %store/vec4 v0x19ffb930_0, 0, 1;
    %pushi/vec4 0, 0, 1;
    %store/vec4 v0x19ffbbc0_0, 0, 1;
    %pushi/vec4 0, 0, 1;
    %store/vec4 v0x19ffc270_0, 0, 1;
    %pushi/vec4 0, 0, 1;
    %store/vec4 v0x19ffc090_0, 0, 1;
    %jmp T_6.16;
T_6.3 ;
    %pushi/vec4 0, 0, 1;
    %store/vec4 v0x19ffbad0_0, 0, 1;
    %pushi/vec4 0, 0, 1;
    %store/vec4 v0x19ffb870_0, 0, 1;
    %pushi/vec4 0, 0, 1;
    %store/vec4 v0x19ffbcb0_0, 0, 1;
    %pushi/vec4 0, 0, 1;
    %store/vec4 v0x19ffbd50_0, 0, 1;
    %pushi/vec4 0, 0, 1;
    %store/vec4 v0x19ffb930_0, 0, 1;
    %pushi/vec4 0, 0, 1;
    %store/vec4 v0x19ffbbc0_0, 0, 1;
    %pushi/vec4 0, 0, 1;
    %store/vec4 v0x19ffc270_0, 0, 1;
    %pushi/vec4 0, 0, 1;
    %store/vec4 v0x19ffc090_0, 0, 1;
    %jmp T_6.16;
T_6.4 ;
    %pushi/vec4 0, 0, 1;
    %store/vec4 v0x19ffbad0_0, 0, 1;
    %pushi/vec4 0, 0, 1;
    %store/vec4 v0x19ffb870_0, 0, 1;
    %pushi/vec4 0, 0, 1;
    %store/vec4 v0x19ffbcb0_0, 0, 1;
    %pushi/vec4 0, 0, 1;
    %store/vec4 v0x19ffbd50_0, 0, 1;
    %pushi/vec4 0, 0, 1;
    %store/vec4 v0x19ffb930_0, 0, 1;
    %pushi/vec4 0, 0, 1;
    %store/vec4 v0x19ffbbc0_0, 0, 1;
    %pushi/vec4 0, 0, 1;
    %store/vec4 v0x19ffc270_0, 0, 1;
    %pushi/vec4 0, 0, 1;
    %store/vec4 v0x19ffc090_0, 0, 1;
    %jmp T_6.16;
T_6.5 ;
    %pushi/vec4 0, 0, 1;
    %store/vec4 v0x19ffbad0_0, 0, 1;
    %pushi/vec4 0, 0, 1;
    %store/vec4 v0x19ffb870_0, 0, 1;
    %pushi/vec4 0, 0, 1;
    %store/vec4 v0x19ffbcb0_0, 0, 1;
    %pushi/vec4 1, 0, 1;
    %store/vec4 v0x19ffbd50_0, 0, 1;
    %pushi/vec4 0, 0, 1;
    %store/vec4 v0x19ffb930_0, 0, 1;
    %pushi/vec4 1, 0, 1;
    %store/vec4 v0x19ffbbc0_0, 0, 1;
    %pushi/vec4 0, 0, 1;
    %store/vec4 v0x19ffc270_0, 0, 1;
    %pushi/vec4 0, 0, 1;
    %store/vec4 v0x19ffc090_0, 0, 1;
    %jmp T_6.16;
T_6.6 ;
    %pushi/vec4 0, 0, 1;
    %store/vec4 v0x19ffbad0_0, 0, 1;
    %pushi/vec4 1, 0, 1;
    %store/vec4 v0x19ffb870_0, 0, 1;
    %pushi/vec4 0, 0, 1;
    %store/vec4 v0x19ffbcb0_0, 0, 1;
    %pushi/vec4 0, 0, 1;
    %store/vec4 v0x19ffbd50_0, 0, 1;
    %pushi/vec4 0, 0, 1;
    %store/vec4 v0x19ffb930_0, 0, 1;
    %pushi/vec4 0, 0, 1;
    %store/vec4 v0x19ffbbc0_0, 0, 1;
    %pushi/vec4 0, 0, 1;
    %store/vec4 v0x19ffc270_0, 0, 1;
    %pushi/vec4 0, 0, 1;
    %store/vec4 v0x19ffc090_0, 0, 1;
    %jmp T_6.16;
T_6.7 ;
    %pushi/vec4 0, 0, 1;
    %store/vec4 v0x19ffbad0_0, 0, 1;
    %pushi/vec4 0, 0, 1;
    %store/vec4 v0x19ffb870_0, 0, 1;
    %pushi/vec4 0, 0, 1;
    %store/vec4 v0x19ffbcb0_0, 0, 1;
    %pushi/vec4 0, 0, 1;
    %store/vec4 v0x19ffbd50_0, 0, 1;
    %pushi/vec4 0, 0, 1;
    %store/vec4 v0x19ffb930_0, 0, 1;
    %pushi/vec4 0, 0, 1;
    %store/vec4 v0x19ffbbc0_0, 0, 1;
    %pushi/vec4 0, 0, 1;
    %store/vec4 v0x19ffc270_0, 0, 1;
    %pushi/vec4 0, 0, 1;
    %store/vec4 v0x19ffc090_0, 0, 1;
    %jmp T_6.16;
T_6.8 ;
    %pushi/vec4 0, 0, 1;
    %store/vec4 v0x19ffbad0_0, 0, 1;
    %pushi/vec4 0, 0, 1;
    %store/vec4 v0x19ffb870_0, 0, 1;
    %pushi/vec4 0, 0, 1;
    %store/vec4 v0x19ffbcb0_0, 0, 1;
    %pushi/vec4 0, 0, 1;
    %store/vec4 v0x19ffbd50_0, 0, 1;
    %pushi/vec4 0, 0, 1;
    %store/vec4 v0x19ffb930_0, 0, 1;
    %pushi/vec4 0, 0, 1;
    %store/vec4 v0x19ffbbc0_0, 0, 1;
    %pushi/vec4 0, 0, 1;
    %store/vec4 v0x19ffc270_0, 0, 1;
    %pushi/vec4 0, 0, 1;
    %store/vec4 v0x19ffc090_0, 0, 1;
    %jmp T_6.16;
T_6.9 ;
    %pushi/vec4 0, 0, 1;
    %store/vec4 v0x19ffbad0_0, 0, 1;
    %pushi/vec4 0, 0, 1;
    %store/vec4 v0x19ffb870_0, 0, 1;
    %pushi/vec4 0, 0, 1;
    %store/vec4 v0x19ffbcb0_0, 0, 1;
    %pushi/vec4 0, 0, 1;
    %store/vec4 v0x19ffbd50_0, 0, 1;
    %pushi/vec4 1, 0, 1;
    %store/vec4 v0x19ffb930_0, 0, 1;
    %pushi/vec4 0, 0, 1;
    %store/vec4 v0x19ffbbc0_0, 0, 1;
    %pushi/vec4 0, 0, 1;
    %store/vec4 v0x19ffc270_0, 0, 1;
    %pushi/vec4 0, 0, 1;
    %store/vec4 v0x19ffc090_0, 0, 1;
    %jmp T_6.16;
T_6.10 ;
    %pushi/vec4 0, 0, 1;
    %store/vec4 v0x19ffbad0_0, 0, 1;
    %pushi/vec4 0, 0, 1;
    %store/vec4 v0x19ffb870_0, 0, 1;
    %pushi/vec4 0, 0, 1;
    %store/vec4 v0x19ffbcb0_0, 0, 1;
    %pushi/vec4 0, 0, 1;
    %store/vec4 v0x19ffbd50_0, 0, 1;
    %pushi/vec4 0, 0, 1;
    %store/vec4 v0x19ffb930_0, 0, 1;
    %pushi/vec4 0, 0, 1;
    %store/vec4 v0x19ffbbc0_0, 0, 1;
    %pushi/vec4 0, 0, 1;
    %store/vec4 v0x19ffc270_0, 0, 1;
    %pushi/vec4 0, 0, 1;
    %store/vec4 v0x19ffc090_0, 0, 1;
    %jmp T_6.16;
T_6.11 ;
    %pushi/vec4 0, 0, 1;
    %store/vec4 v0x19ffbad0_0, 0, 1;
    %pushi/vec4 0, 0, 1;
    %store/vec4 v0x19ffb870_0, 0, 1;
    %pushi/vec4 0, 0, 1;
    %store/vec4 v0x19ffbcb0_0, 0, 1;
    %pushi/vec4 0, 0, 1;
    %store/vec4 v0x19ffbd50_0, 0, 1;
    %pushi/vec4 0, 0, 1;
    %store/vec4 v0x19ffb930_0, 0, 1;
    %pushi/vec4 0, 0, 1;
    %store/vec4 v0x19ffbbc0_0, 0, 1;
    %pushi/vec4 0, 0, 1;
    %store/vec4 v0x19ffc270_0, 0, 1;
    %pushi/vec4 1, 0, 1;
    %store/vec4 v0x19ffc090_0, 0, 1;
    %jmp T_6.16;
T_6.12 ;
    %pushi/vec4 0, 0, 1;
    %store/vec4 v0x19ffbad0_0, 0, 1;
    %pushi/vec4 0, 0, 1;
    %store/vec4 v0x19ffb870_0, 0, 1;
    %pushi/vec4 0, 0, 1;
    %store/vec4 v0x19ffbcb0_0, 0, 1;
    %pushi/vec4 0, 0, 1;
    %store/vec4 v0x19ffbd50_0, 0, 1;
    %pushi/vec4 0, 0, 1;
    %store/vec4 v0x19ffb930_0, 0, 1;
    %pushi/vec4 0, 0, 1;
    %store/vec4 v0x19ffbbc0_0, 0, 1;
    %pushi/vec4 0, 0, 1;
    %store/vec4 v0x19ffc270_0, 0, 1;
    %pushi/vec4 0, 0, 1;
    %store/vec4 v0x19ffc090_0, 0, 1;
    %jmp T_6.16;
T_6.13 ;
    %pushi/vec4 0, 0, 1;
    %store/vec4 v0x19ffbad0_0, 0, 1;
    %pushi/vec4 0, 0, 1;
    %store/vec4 v0x19ffb870_0, 0, 1;
    %pushi/vec4 0, 0, 1;
    %store/vec4 v0x19ffbcb0_0, 0, 1;
    %pushi/vec4 0, 0, 1;
    %store/vec4 v0x19ffbd50_0, 0, 1;
    %pushi/vec4 0, 0, 1;
    %store/vec4 v0x19ffb930_0, 0, 1;
    %pushi/vec4 0, 0, 1;
    %store/vec4 v0x19ffbbc0_0, 0, 1;
    %pushi/vec4 1, 0, 1;
    %store/vec4 v0x19ffc270_0, 0, 1;
    %pushi/vec4 0, 0, 1;
    %store/vec4 v0x19ffc090_0, 0, 1;
    %jmp T_6.16;
T_6.14 ;
    %pushi/vec4 0, 0, 1;
    %store/vec4 v0x19ffbad0_0, 0, 1;
    %pushi/vec4 0, 0, 1;
    %store/vec4 v0x19ffb870_0, 0, 1;
    %pushi/vec4 0, 0, 1;
    %store/vec4 v0x19ffbcb0_0, 0, 1;
    %pushi/vec4 0, 0, 1;
    %store/vec4 v0x19ffbd50_0, 0, 1;
    %pushi/vec4 0, 0, 1;
    %store/vec4 v0x19ffb930_0, 0, 1;
    %pushi/vec4 0, 0, 1;
    %store/vec4 v0x19ffbbc0_0, 0, 1;
    %pushi/vec4 0, 0, 1;
    %store/vec4 v0x19ffc270_0, 0, 1;
    %pushi/vec4 0, 0, 1;
    %store/vec4 v0x19ffc090_0, 0, 1;
    %jmp T_6.16;
T_6.16 ;
    %pop/vec4 1;
    %jmp T_6;
    .thread T_6, $push;
    .scope S_0x19ffa9c0;
T_7 ;
    %wait E_0x19ffb810;
    %load/vec4 v0x19ffbff0_0;
    %dup/vec4;
    %pushi/vec4 0, 0, 4;
    %cmp/u;
    %jmp/1 T_7.0, 6;
    %dup/vec4;
    %pushi/vec4 1, 0, 4;
    %cmp/u;
    %jmp/1 T_7.1, 6;
    %dup/vec4;
    %pushi/vec4 2, 0, 4;
    %cmp/u;
    %jmp/1 T_7.2, 6;
    %dup/vec4;
    %pushi/vec4 3, 0, 4;
    %cmp/u;
    %jmp/1 T_7.3, 6;
    %dup/vec4;
    %pushi/vec4 4, 0, 4;
    %cmp/u;
    %jmp/1 T_7.4, 6;
    %dup/vec4;
    %pushi/vec4 5, 0, 4;
    %cmp/u;
    %jmp/1 T_7.5, 6;
    %dup/vec4;
    %pushi/vec4 6, 0, 4;
    %cmp/u;
    %jmp/1 T_7.6, 6;
    %dup/vec4;
    %pushi/vec4 7, 0, 4;
    %cmp/u;
    %jmp/1 T_7.7, 6;
    %dup/vec4;
    %pushi/vec4 8, 0, 4;
    %cmp/u;
    %jmp/1 T_7.8, 6;
    %dup/vec4;
    %pushi/vec4 9, 0, 4;
    %cmp/u;
    %jmp/1 T_7.9, 6;
    %dup/vec4;
    %pushi/vec4 10, 0, 4;
    %cmp/u;
    %jmp/1 T_7.10, 6;
    %dup/vec4;
    %pushi/vec4 11, 0, 4;
    %cmp/u;
    %jmp/1 T_7.11, 6;
    %dup/vec4;
    %pushi/vec4 12, 0, 4;
    %cmp/u;
    %jmp/1 T_7.12, 6;
    %dup/vec4;
    %pushi/vec4 13, 0, 4;
    %cmp/u;
    %jmp/1 T_7.13, 6;
    %dup/vec4;
    %pushi/vec4 14, 0, 4;
    %cmp/u;
    %jmp/1 T_7.14, 6;
    %jmp T_7.15;
T_7.0 ;
    %pushi/vec4 2796061348, 0, 88;
    %concati/vec4 84, 0, 7;
    %store/vec4 v0x19ffc4b0_0, 0, 95;
    %jmp T_7.15;
T_7.1 ;
    %pushi/vec4 2257619590, 0, 56;
    %concati/vec4 2529076868, 0, 32;
    %concati/vec4 48, 0, 7;
    %store/vec4 v0x19ffc4b0_0, 0, 95;
    %jmp T_7.15;
T_7.2 ;
    %pushi/vec4 2189985982, 0, 48;
    %concati/vec4 2258545308, 0, 32;
    %concati/vec4 21552, 0, 15;
    %store/vec4 v0x19ffc4b0_0, 0, 95;
    %jmp T_7.15;
T_7.3 ;
    %pushi/vec4 2257619590, 0, 32;
    %concati/vec4 2529068702, 0, 32;
    %concati/vec4 1431196720, 0, 31;
    %store/vec4 v0x19ffc4b0_0, 0, 95;
    %jmp T_7.15;
T_7.4 ;
    %pushi/vec4 2257619590, 0, 56;
    %concati/vec4 2529076868, 0, 32;
    %concati/vec4 49, 0, 7;
    %store/vec4 v0x19ffc4b0_0, 0, 95;
    %jmp T_7.15;
T_7.5 ;
    %pushi/vec4 2794503844, 0, 80;
    %concati/vec4 21332, 0, 15;
    %store/vec4 v0x19ffc4b0_0, 0, 95;
    %jmp T_7.15;
T_7.6 ;
    %pushi/vec4 2189985982, 0, 48;
    %concati/vec4 2258545308, 0, 32;
    %concati/vec4 21553, 0, 15;
    %store/vec4 v0x19ffc4b0_0, 0, 95;
    %jmp T_7.15;
T_7.7 ;
    %pushi/vec4 2257619590, 0, 32;
    %concati/vec4 2529068702, 0, 32;
    %concati/vec4 1431196721, 0, 31;
    %store/vec4 v0x19ffc4b0_0, 0, 95;
    %jmp T_7.15;
T_7.8 ;
    %pushi/vec4 2290779838, 0, 88;
    %concati/vec4 73, 0, 7;
    %store/vec4 v0x19ffc4b0_0, 0, 95;
    %jmp T_7.15;
T_7.9 ;
    %pushi/vec4 2257619590, 0, 72;
    %concati/vec4 4939593, 0, 23;
    %store/vec4 v0x19ffc4b0_0, 0, 95;
    %jmp T_7.15;
T_7.10 ;
    %pushi/vec4 2257619590, 0, 64;
    %concati/vec4 1264534850, 0, 31;
    %store/vec4 v0x19ffc4b0_0, 0, 95;
    %jmp T_7.15;
T_7.11 ;
    %pushi/vec4 2763046530, 0, 64;
    %concati/vec4 1447119180, 0, 31;
    %store/vec4 v0x19ffc4b0_0, 0, 95;
    %jmp T_7.15;
T_7.12 ;
    %pushi/vec4 2763046538, 0, 64;
    %concati/vec4 1381125970, 0, 31;
    %store/vec4 v0x19ffc4b0_0, 0, 95;
    %jmp T_7.15;
T_7.13 ;
    %pushi/vec4 2257619590, 0, 40;
    %concati/vec4 2529076362, 0, 32;
    %concati/vec4 4408662, 0, 23;
    %store/vec4 v0x19ffc4b0_0, 0, 95;
    %jmp T_7.15;
T_7.14 ;
    %pushi/vec4 2325514430, 0, 56;
    %concati/vec4 2796061352, 0, 32;
    %concati/vec4 69, 0, 7;
    %store/vec4 v0x19ffc4b0_0, 0, 95;
    %jmp T_7.15;
T_7.15 ;
    %pop/vec4 1;
    %jmp T_7;
    .thread T_7, $push;
    .scope S_0x19fd5910;
T_8 ;
    %pushi/vec4 0, 0, 1;
    %store/vec4 v0x19ffd700_0, 0, 1;
    %end;
    .thread T_8;
    .scope S_0x19fd5910;
T_9 ;
    %delay 1, 0;
    %load/vec4 v0x19ffd700_0;
    %inv;
    %store/vec4 v0x19ffd700_0, 0, 1;
    %jmp T_9;
    .thread T_9;
    .scope S_0x19fd5910;
T_10 ;
    %vpi_call 2 31 "$dumpfile", "uart_TB.vcd" {0 0 0};
    %vpi_call 2 32 "$dumpvars", 32'sb11111111111111111111111111111111, S_0x19fd5910 {0 0 0};
    %vpi_call 2 34 "$monitor", "t=%0t rst_n=%b rx_line=%b data_received=%b rx_error=%b rx_data=%b data_available=%b", $time, v0x19ffd970_0, v0x19ffdc90_0, v0x19ffd8d0_0, v0x19ffdba0_0, v0x19ffda60_0, v0x19ffd7c0_0 {0 0 0};
    %end;
    .thread T_10;
    .scope S_0x19fd5910;
T_11 ;
    %wait E_0x19ff9830;
    %wait E_0x19fddda0;
    %pushi/vec4 0, 0, 1;
    %store/vec4 v0x19ffd970_0, 0, 1;
    %pushi/vec4 1, 0, 1;
    %store/vec4 v0x19ffdc90_0, 0, 1;
    %pushi/vec4 0, 0, 1;
    %store/vec4 v0x19ffd8d0_0, 0, 1;
    %wait E_0x19ff9830;
    %wait E_0x19fddda0;
    %pushi/vec4 0, 0, 1;
    %store/vec4 v0x19ffd970_0, 0, 1;
    %pushi/vec4 0, 0, 1;
    %store/vec4 v0x19ffdc90_0, 0, 1;
    %pushi/vec4 0, 0, 1;
    %store/vec4 v0x19ffd8d0_0, 0, 1;
    %delay 109, 0;
    %pushi/vec4 0, 0, 1;
    %store/vec4 v0x19ffd970_0, 0, 1;
    %pushi/vec4 0, 0, 1;
    %store/vec4 v0x19ffdc90_0, 0, 1;
    %pushi/vec4 0, 0, 1;
    %store/vec4 v0x19ffd8d0_0, 0, 1;
    %delay 217, 0;
    %pushi/vec4 0, 0, 1;
    %store/vec4 v0x19ffd970_0, 0, 1;
    %pushi/vec4 0, 0, 1;
    %store/vec4 v0x19ffdc90_0, 0, 1;
    %pushi/vec4 0, 0, 1;
    %store/vec4 v0x19ffd8d0_0, 0, 1;
    %delay 230, 0;
    %pushi/vec4 0, 0, 1;
    %store/vec4 v0x19ffd970_0, 0, 1;
    %pushi/vec4 0, 0, 1;
    %store/vec4 v0x19ffdc90_0, 0, 1;
    %pushi/vec4 0, 0, 1;
    %store/vec4 v0x19ffd8d0_0, 0, 1;
    %wait E_0x19ff9830;
    %wait E_0x19fddda0;
    %wait E_0x19ff9830;
    %wait E_0x19fddda0;
    %wait E_0x19ff9830;
    %wait E_0x19fddda0;
    %pushi/vec4 0, 0, 1;
    %store/vec4 v0x19ffd970_0, 0, 1;
    %pushi/vec4 0, 0, 1;
    %store/vec4 v0x19ffdc90_0, 0, 1;
    %pushi/vec4 1, 0, 1;
    %store/vec4 v0x19ffd8d0_0, 0, 1;
T_11.0 ;
    %load/vec4 v0x19ffd7c0_0;
    %pad/u 32;
    %pushi/vec4 1, 0, 32;
    %cmp/e;
    %flag_get/vec4 4;
    %cmpi/ne 1, 0, 1;
    %jmp/0xz T_11.1, 6;
    %wait E_0x19fa87a0;
    %jmp T_11.0;
T_11.1 ;
    %delay 1000, 0;
    %vpi_call 2 89 "$finish" {0 0 0};
    %end;
    .thread T_11;
# The file index is used to find the file name in the following table.
:file_names 10;
    "N/A";
    "<interactive>";
    "uart_TB.v";
    "uart.v";
    "comparador_time_bit.v";
    "contador.v";
    "contador_dec.v";
    "mux.v";
    "rsr_rx_data.v";
    "uart_control.v";
# EOF
