Info: constraining clock net 'clk' to 25.00 MHz

Info: Logic utilisation before packing:
Info:     Total LUT4s:       201/24288     0%
Info:         logic LUTs:     95/24288     0%
Info:         carry LUTs:    106/24288     0%
Info:           RAM LUTs:      0/ 3036     0%
Info:          RAMW LUTs:      0/ 6072     0%

Info:      Total DFFs:        31/24288     0%

Info: Packing IOs..
Info: pin 'screen$tr_io' constrained to Bel 'X0/Y5/PIOD'.
Info: pin 'rst$tr_io' constrained to Bel 'X6/Y50/PIOA'.
Info: pin 'clk$tr_io' constrained to Bel 'X0/Y47/PIOC'.
Info: Packing constants..
Info: Packing carries...
Info: Packing LUTs...
Info: Packing LUT5-7s...
Info: Packing FFs...
Info:     28 FFs paired with LUTs.
Info: Generating derived timing constraints...
Info: Promoting globals...
Info:     promoting clock net clk$TRELLIS_IO_IN to global network
Info: Checksum: 0x9192f2da

Info: Device utilisation:
Info: 	          TRELLIS_IO:     3/  197     1%
Info: 	                DCCA:     1/   56     1%
Info: 	              DP16KD:     0/   56     0%
Info: 	          MULT18X18D:     0/   28     0%
Info: 	              ALU54B:     0/   14     0%
Info: 	             EHXPLLL:     0/    2     0%
Info: 	             EXTREFB:     0/    1     0%
Info: 	                DCUA:     0/    1     0%
Info: 	           PCSCLKDIV:     0/    2     0%
Info: 	             IOLOGIC:     0/  128     0%
Info: 	            SIOLOGIC:     0/   69     0%
Info: 	                 GSR:     0/    1     0%
Info: 	               JTAGG:     0/    1     0%
Info: 	                OSCG:     0/    1     0%
Info: 	               SEDGA:     0/    1     0%
Info: 	                 DTR:     0/    1     0%
Info: 	             USRMCLK:     0/    1     0%
Info: 	             CLKDIVF:     0/    4     0%
Info: 	           ECLKSYNCB:     0/   10     0%
Info: 	             DLLDELD:     0/    8     0%
Info: 	              DDRDLL:     0/    4     0%
Info: 	             DQSBUFM:     0/    8     0%
Info: 	     TRELLIS_ECLKBUF:     0/    8     0%
Info: 	        ECLKBRIDGECS:     0/    2     0%
Info: 	                DCSC:     0/    2     0%
Info: 	          TRELLIS_FF:    31/24288     0%
Info: 	        TRELLIS_COMB:   231/24288     0%
Info: 	        TRELLIS_RAMW:     0/ 3036     0%

Info: Placed 3 cells based on constraints.
Info: Creating initial analytic placement for 83 cells, random placement wirelen = 5933.
Info:     at initial placer iter 0, wirelen = 114
Info:     at initial placer iter 1, wirelen = 110
Info:     at initial placer iter 2, wirelen = 124
Info:     at initial placer iter 3, wirelen = 116
Info: Running main analytical placer, max placement attempts per cell = 10000.
Info:     at iteration #1, type ALL: wirelen solved = 113, spread = 459, legal = 535; time = 0.02s
Info:     at iteration #2, type ALL: wirelen solved = 117, spread = 456, legal = 505; time = 0.01s
Info:     at iteration #3, type ALL: wirelen solved = 161, spread = 408, legal = 485; time = 0.01s
Info:     at iteration #4, type ALL: wirelen solved = 149, spread = 453, legal = 521; time = 0.01s
Info:     at iteration #5, type ALL: wirelen solved = 199, spread = 432, legal = 523; time = 0.01s
Info:     at iteration #6, type ALL: wirelen solved = 179, spread = 441, legal = 503; time = 0.01s
Info:     at iteration #7, type ALL: wirelen solved = 195, spread = 436, legal = 566; time = 0.01s
Info:     at iteration #8, type ALL: wirelen solved = 192, spread = 395, legal = 492; time = 0.01s
Info: HeAP Placer Time: 0.19s
Info:   of which solving equations: 0.07s
Info:   of which spreading cells: 0.02s
Info:   of which strict legalisation: 0.01s

Info: Running simulated annealing placer for refinement.
Info:   at iteration #1: temp = 0.000000, timing cost = 41, wirelen = 485
Info:   at iteration #5: temp = 0.000000, timing cost = 31, wirelen = 414
Info:   at iteration #9: temp = 0.000000, timing cost = 29, wirelen = 398 
Info: SA placement time 0.27s

Info: Max frequency for clock '$glbnet$clk$TRELLIS_IO_IN': 108.33 MHz (PASS at 25.00 MHz)

Info: Max delay <async>                           -> posedge $glbnet$clk$TRELLIS_IO_IN: 8.70 ns
Info: Max delay posedge $glbnet$clk$TRELLIS_IO_IN -> <async>                          : 2.09 ns

Info: Checksum: 0x4486a624
Info: Routing globals...
Info:     routing clock net $glbnet$clk$TRELLIS_IO_IN using global 0

Info: Routing..
Info: Setting up routing queue.
Info: Routing 510 arcs.
Info:            |   (re-)routed arcs  |   delta    | remaining|       time spent     |
Info:    IterCnt |  w/ripup   wo/ripup |  w/r  wo/r |      arcs| batch(sec) total(sec)|
Info:        594 |       83        429 |   83   429 |         0|       0.19       0.19|
Info: Routing complete.
Info: Router1 time 0.19s
Info: Checksum: 0xb64c0f00

Info: Critical path report for clock '$glbnet$clk$TRELLIS_IO_IN' (posedge -> posedge):
Info: curr total
Info:  0.5  0.5  Source screen_driver.bit_index_TRELLIS_FF_Q_1.Q
Info:  0.9  1.5    Net screen_driver.bit_index[3] (6,2) -> (5,3)
Info:                Sink screen_driver.state_TRELLIS_FF_Q_2_DI_PFUMX_Z_ALUT_LUT4_Z_A_CCU2C_COUT_S0_CCU2C_S0_3_B0_LUT4_Z_1.D
Info:                Defined in:
Info:                  top.v:11.19-17.6
Info:                  internal/ws2812_driver.v:23.15-23.24
Info:  0.2  1.7  Source screen_driver.state_TRELLIS_FF_Q_2_DI_PFUMX_Z_ALUT_LUT4_Z_A_CCU2C_COUT_S0_CCU2C_S0_3_B0_LUT4_Z_1.F
Info:  0.9  2.6    Net screen_driver.state_TRELLIS_FF_Q_2_DI_PFUMX_Z_ALUT_LUT4_Z_A_CCU2C_COUT_S0_CCU2C_S0_3_B0[3] (5,3) -> (3,3)
Info:                Sink screen_driver.state_TRELLIS_FF_Q_2_DI_PFUMX_Z_ALUT_LUT4_Z_A_CCU2C_COUT_S0_CCU2C_S0_3_B0_LUT4_Z.D
Info:                Defined in:
Info:                  top.v:11.19-17.6
Info:                  internal/ws2812_driver.v:53.25-53.70
Info:                  /home/ale/miniconda3/envs/digital/bin/../share/yosys/ecp5/arith_map.v:32.22-32.23
Info:  0.2  2.8  Source screen_driver.state_TRELLIS_FF_Q_2_DI_PFUMX_Z_ALUT_LUT4_Z_A_CCU2C_COUT_S0_CCU2C_S0_3_B0_LUT4_Z.F
Info:  1.3  4.1    Net screen_driver.state_TRELLIS_FF_Q_2_DI_PFUMX_Z_ALUT_LUT4_Z_A_CCU2C_COUT_S0_CCU2C_S0_3_B0[1] (3,3) -> (2,5)
Info:                Sink screen_driver.state_TRELLIS_FF_Q_2_DI_PFUMX_Z_ALUT_LUT4_Z_A_CCU2C_COUT_S0_CCU2C_S0_3$CCU2_COMB1.B
Info:                Defined in:
Info:                  top.v:11.19-17.6
Info:                  internal/ws2812_driver.v:53.25-53.70
Info:                  /home/ale/miniconda3/envs/digital/bin/../share/yosys/ecp5/arith_map.v:32.22-32.23
Info:  0.4  4.6  Source screen_driver.state_TRELLIS_FF_Q_2_DI_PFUMX_Z_ALUT_LUT4_Z_A_CCU2C_COUT_S0_CCU2C_S0_3$CCU2_COMB1.FCO
Info:  0.0  4.6    Net screen_driver.state_TRELLIS_FF_Q_2_DI_PFUMX_Z_ALUT_LUT4_Z_A_CCU2C_COUT_S0_CCU2C_S0_COUT[4] (2,5) -> (2,5)
Info:                Sink screen_driver.state_TRELLIS_FF_Q_2_DI_PFUMX_Z_ALUT_LUT4_Z_A_CCU2C_COUT_S0_CCU2C_S0_2$CCU2_COMB0.FCI
Info:                Defined in:
Info:                  top.v:11.19-17.6
Info:                  internal/ws2812_driver.v:43.24-43.69
Info:                  /home/ale/miniconda3/envs/digital/bin/../share/yosys/ecp5/arith_map.v:63.22-63.23
Info:  0.1  4.7  Source screen_driver.state_TRELLIS_FF_Q_2_DI_PFUMX_Z_ALUT_LUT4_Z_A_CCU2C_COUT_S0_CCU2C_S0_2$CCU2_COMB0.FCO
Info:  0.0  4.7    Net screen_driver.state_TRELLIS_FF_Q_2_DI_PFUMX_Z_ALUT_LUT4_Z_A_CCU2C_COUT_S0_CCU2C_S0_2$CCU2_FCI_INT (2,5) -> (2,5)
Info:                Sink screen_driver.state_TRELLIS_FF_Q_2_DI_PFUMX_Z_ALUT_LUT4_Z_A_CCU2C_COUT_S0_CCU2C_S0_2$CCU2_COMB1.FCI
Info:  0.0  4.7  Source screen_driver.state_TRELLIS_FF_Q_2_DI_PFUMX_Z_ALUT_LUT4_Z_A_CCU2C_COUT_S0_CCU2C_S0_2$CCU2_COMB1.FCO
Info:  0.0  4.7    Net screen_driver.state_TRELLIS_FF_Q_2_DI_PFUMX_Z_ALUT_LUT4_Z_A_CCU2C_COUT_S0_CCU2C_S0_COUT[6] (2,5) -> (3,5)
Info:                Sink screen_driver.state_TRELLIS_FF_Q_2_DI_PFUMX_Z_ALUT_LUT4_Z_A_CCU2C_COUT_S0_CCU2C_S0_1$CCU2_COMB0.FCI
Info:                Defined in:
Info:                  top.v:11.19-17.6
Info:                  internal/ws2812_driver.v:43.24-43.69
Info:                  /home/ale/miniconda3/envs/digital/bin/../share/yosys/ecp5/arith_map.v:63.22-63.23
Info:  0.1  4.7  Source screen_driver.state_TRELLIS_FF_Q_2_DI_PFUMX_Z_ALUT_LUT4_Z_A_CCU2C_COUT_S0_CCU2C_S0_1$CCU2_COMB0.FCO
Info:  0.0  4.7    Net screen_driver.state_TRELLIS_FF_Q_2_DI_PFUMX_Z_ALUT_LUT4_Z_A_CCU2C_COUT_S0_CCU2C_S0_1$CCU2_FCI_INT (3,5) -> (3,5)
Info:                Sink screen_driver.state_TRELLIS_FF_Q_2_DI_PFUMX_Z_ALUT_LUT4_Z_A_CCU2C_COUT_S0_CCU2C_S0_1$CCU2_COMB1.FCI
Info:  0.0  4.7  Source screen_driver.state_TRELLIS_FF_Q_2_DI_PFUMX_Z_ALUT_LUT4_Z_A_CCU2C_COUT_S0_CCU2C_S0_1$CCU2_COMB1.FCO
Info:  0.0  4.7    Net screen_driver.state_TRELLIS_FF_Q_2_DI_PFUMX_Z_ALUT_LUT4_Z_A_CCU2C_COUT_S0_CCU2C_S0_COUT[8] (3,5) -> (3,5)
Info:                Sink screen_driver.state_TRELLIS_FF_Q_2_DI_PFUMX_Z_ALUT_LUT4_Z_A_CCU2C_COUT_S0_CCU2C_S0$CCU2_COMB0.FCI
Info:                Defined in:
Info:                  top.v:11.19-17.6
Info:                  internal/ws2812_driver.v:43.24-43.69
Info:                  /home/ale/miniconda3/envs/digital/bin/../share/yosys/ecp5/arith_map.v:63.22-63.23
Info:  0.1  4.8  Source screen_driver.state_TRELLIS_FF_Q_2_DI_PFUMX_Z_ALUT_LUT4_Z_A_CCU2C_COUT_S0_CCU2C_S0$CCU2_COMB0.FCO
Info:  0.0  4.8    Net screen_driver.state_TRELLIS_FF_Q_2_DI_PFUMX_Z_ALUT_LUT4_Z_A_CCU2C_COUT_S0_CCU2C_S0$CCU2_FCI_INT (3,5) -> (3,5)
Info:                Sink screen_driver.state_TRELLIS_FF_Q_2_DI_PFUMX_Z_ALUT_LUT4_Z_A_CCU2C_COUT_S0_CCU2C_S0$CCU2_COMB1.FCI
Info:  0.0  4.8  Source screen_driver.state_TRELLIS_FF_Q_2_DI_PFUMX_Z_ALUT_LUT4_Z_A_CCU2C_COUT_S0_CCU2C_S0$CCU2_COMB1.FCO
Info:  0.0  4.8    Net screen_driver.state_TRELLIS_FF_Q_2_DI_PFUMX_Z_ALUT_LUT4_Z_A_CCU2C_COUT_S0_CCU2C_S0_COUT[10] (3,5) -> (3,5)
Info:                Sink screen_driver.state_TRELLIS_FF_Q_2_DI_PFUMX_Z_ALUT_LUT4_Z_A_CCU2C_COUT_S0_CCU2C_S0_13$CCU2_COMB0.FCI
Info:                Defined in:
Info:                  top.v:11.19-17.6
Info:                  internal/ws2812_driver.v:43.24-43.69
Info:                  /home/ale/miniconda3/envs/digital/bin/../share/yosys/ecp5/arith_map.v:63.22-63.23
Info:  0.1  4.9  Source screen_driver.state_TRELLIS_FF_Q_2_DI_PFUMX_Z_ALUT_LUT4_Z_A_CCU2C_COUT_S0_CCU2C_S0_13$CCU2_COMB0.FCO
Info:  0.0  4.9    Net screen_driver.state_TRELLIS_FF_Q_2_DI_PFUMX_Z_ALUT_LUT4_Z_A_CCU2C_COUT_S0_CCU2C_S0_13$CCU2_FCI_INT (3,5) -> (3,5)
Info:                Sink screen_driver.state_TRELLIS_FF_Q_2_DI_PFUMX_Z_ALUT_LUT4_Z_A_CCU2C_COUT_S0_CCU2C_S0_13$CCU2_COMB1.FCI
Info:  0.0  4.9  Source screen_driver.state_TRELLIS_FF_Q_2_DI_PFUMX_Z_ALUT_LUT4_Z_A_CCU2C_COUT_S0_CCU2C_S0_13$CCU2_COMB1.FCO
Info:  0.0  4.9    Net screen_driver.state_TRELLIS_FF_Q_2_DI_PFUMX_Z_ALUT_LUT4_Z_A_CCU2C_COUT_S0_CCU2C_S0_COUT[12] (3,5) -> (3,5)
Info:                Sink screen_driver.state_TRELLIS_FF_Q_2_DI_PFUMX_Z_ALUT_LUT4_Z_A_CCU2C_COUT_S0_CCU2C_S0_12$CCU2_COMB0.FCI
Info:                Defined in:
Info:                  top.v:11.19-17.6
Info:                  internal/ws2812_driver.v:43.24-43.69
Info:                  /home/ale/miniconda3/envs/digital/bin/../share/yosys/ecp5/arith_map.v:63.22-63.23
Info:  0.1  5.0  Source screen_driver.state_TRELLIS_FF_Q_2_DI_PFUMX_Z_ALUT_LUT4_Z_A_CCU2C_COUT_S0_CCU2C_S0_12$CCU2_COMB0.FCO
Info:  0.0  5.0    Net screen_driver.state_TRELLIS_FF_Q_2_DI_PFUMX_Z_ALUT_LUT4_Z_A_CCU2C_COUT_S0_CCU2C_S0_12$CCU2_FCI_INT (3,5) -> (3,5)
Info:                Sink screen_driver.state_TRELLIS_FF_Q_2_DI_PFUMX_Z_ALUT_LUT4_Z_A_CCU2C_COUT_S0_CCU2C_S0_12$CCU2_COMB1.FCI
Info:  0.0  5.0  Source screen_driver.state_TRELLIS_FF_Q_2_DI_PFUMX_Z_ALUT_LUT4_Z_A_CCU2C_COUT_S0_CCU2C_S0_12$CCU2_COMB1.FCO
Info:  0.0  5.0    Net screen_driver.state_TRELLIS_FF_Q_2_DI_PFUMX_Z_ALUT_LUT4_Z_A_CCU2C_COUT_S0_CCU2C_S0_COUT[14] (3,5) -> (4,5)
Info:                Sink screen_driver.state_TRELLIS_FF_Q_2_DI_PFUMX_Z_ALUT_LUT4_Z_A_CCU2C_COUT_S0_CCU2C_S0_11$CCU2_COMB0.FCI
Info:                Defined in:
Info:                  top.v:11.19-17.6
Info:                  internal/ws2812_driver.v:43.24-43.69
Info:                  /home/ale/miniconda3/envs/digital/bin/../share/yosys/ecp5/arith_map.v:63.22-63.23
Info:  0.1  5.0  Source screen_driver.state_TRELLIS_FF_Q_2_DI_PFUMX_Z_ALUT_LUT4_Z_A_CCU2C_COUT_S0_CCU2C_S0_11$CCU2_COMB0.FCO
Info:  0.0  5.0    Net screen_driver.state_TRELLIS_FF_Q_2_DI_PFUMX_Z_ALUT_LUT4_Z_A_CCU2C_COUT_S0_CCU2C_S0_11$CCU2_FCI_INT (4,5) -> (4,5)
Info:                Sink screen_driver.state_TRELLIS_FF_Q_2_DI_PFUMX_Z_ALUT_LUT4_Z_A_CCU2C_COUT_S0_CCU2C_S0_11$CCU2_COMB1.FCI
Info:  0.0  5.0  Source screen_driver.state_TRELLIS_FF_Q_2_DI_PFUMX_Z_ALUT_LUT4_Z_A_CCU2C_COUT_S0_CCU2C_S0_11$CCU2_COMB1.FCO
Info:  0.0  5.0    Net screen_driver.state_TRELLIS_FF_Q_2_DI_PFUMX_Z_ALUT_LUT4_Z_A_CCU2C_COUT_S0_CCU2C_S0_COUT[16] (4,5) -> (4,5)
Info:                Sink screen_driver.state_TRELLIS_FF_Q_2_DI_PFUMX_Z_ALUT_LUT4_Z_A_CCU2C_COUT_S0_CCU2C_S0_10$CCU2_COMB0.FCI
Info:                Defined in:
Info:                  top.v:11.19-17.6
Info:                  internal/ws2812_driver.v:43.24-43.69
Info:                  /home/ale/miniconda3/envs/digital/bin/../share/yosys/ecp5/arith_map.v:63.22-63.23
Info:  0.1  5.1  Source screen_driver.state_TRELLIS_FF_Q_2_DI_PFUMX_Z_ALUT_LUT4_Z_A_CCU2C_COUT_S0_CCU2C_S0_10$CCU2_COMB0.FCO
Info:  0.0  5.1    Net screen_driver.state_TRELLIS_FF_Q_2_DI_PFUMX_Z_ALUT_LUT4_Z_A_CCU2C_COUT_S0_CCU2C_S0_10$CCU2_FCI_INT (4,5) -> (4,5)
Info:                Sink screen_driver.state_TRELLIS_FF_Q_2_DI_PFUMX_Z_ALUT_LUT4_Z_A_CCU2C_COUT_S0_CCU2C_S0_10$CCU2_COMB1.FCI
Info:  0.0  5.1  Source screen_driver.state_TRELLIS_FF_Q_2_DI_PFUMX_Z_ALUT_LUT4_Z_A_CCU2C_COUT_S0_CCU2C_S0_10$CCU2_COMB1.FCO
Info:  0.0  5.1    Net screen_driver.state_TRELLIS_FF_Q_2_DI_PFUMX_Z_ALUT_LUT4_Z_A_CCU2C_COUT_S0_CCU2C_S0_COUT[18] (4,5) -> (4,5)
Info:                Sink screen_driver.state_TRELLIS_FF_Q_2_DI_PFUMX_Z_ALUT_LUT4_Z_A_CCU2C_COUT_S0_CCU2C_S0_9$CCU2_COMB0.FCI
Info:                Defined in:
Info:                  top.v:11.19-17.6
Info:                  internal/ws2812_driver.v:43.24-43.69
Info:                  /home/ale/miniconda3/envs/digital/bin/../share/yosys/ecp5/arith_map.v:63.22-63.23
Info:  0.1  5.2  Source screen_driver.state_TRELLIS_FF_Q_2_DI_PFUMX_Z_ALUT_LUT4_Z_A_CCU2C_COUT_S0_CCU2C_S0_9$CCU2_COMB0.FCO
Info:  0.0  5.2    Net screen_driver.state_TRELLIS_FF_Q_2_DI_PFUMX_Z_ALUT_LUT4_Z_A_CCU2C_COUT_S0_CCU2C_S0_9$CCU2_FCI_INT (4,5) -> (4,5)
Info:                Sink screen_driver.state_TRELLIS_FF_Q_2_DI_PFUMX_Z_ALUT_LUT4_Z_A_CCU2C_COUT_S0_CCU2C_S0_9$CCU2_COMB1.FCI
Info:  0.0  5.2  Source screen_driver.state_TRELLIS_FF_Q_2_DI_PFUMX_Z_ALUT_LUT4_Z_A_CCU2C_COUT_S0_CCU2C_S0_9$CCU2_COMB1.FCO
Info:  0.0  5.2    Net screen_driver.state_TRELLIS_FF_Q_2_DI_PFUMX_Z_ALUT_LUT4_Z_A_CCU2C_COUT_S0_CCU2C_S0_COUT[20] (4,5) -> (4,5)
Info:                Sink screen_driver.state_TRELLIS_FF_Q_2_DI_PFUMX_Z_ALUT_LUT4_Z_A_CCU2C_COUT_S0_CCU2C_S0_8$CCU2_COMB0.FCI
Info:                Defined in:
Info:                  top.v:11.19-17.6
Info:                  internal/ws2812_driver.v:43.24-43.69
Info:                  /home/ale/miniconda3/envs/digital/bin/../share/yosys/ecp5/arith_map.v:63.22-63.23
Info:  0.1  5.2  Source screen_driver.state_TRELLIS_FF_Q_2_DI_PFUMX_Z_ALUT_LUT4_Z_A_CCU2C_COUT_S0_CCU2C_S0_8$CCU2_COMB0.FCO
Info:  0.0  5.2    Net screen_driver.state_TRELLIS_FF_Q_2_DI_PFUMX_Z_ALUT_LUT4_Z_A_CCU2C_COUT_S0_CCU2C_S0_8$CCU2_FCI_INT (4,5) -> (4,5)
Info:                Sink screen_driver.state_TRELLIS_FF_Q_2_DI_PFUMX_Z_ALUT_LUT4_Z_A_CCU2C_COUT_S0_CCU2C_S0_8$CCU2_COMB1.FCI
Info:  0.0  5.2  Source screen_driver.state_TRELLIS_FF_Q_2_DI_PFUMX_Z_ALUT_LUT4_Z_A_CCU2C_COUT_S0_CCU2C_S0_8$CCU2_COMB1.FCO
Info:  0.0  5.2    Net screen_driver.state_TRELLIS_FF_Q_2_DI_PFUMX_Z_ALUT_LUT4_Z_A_CCU2C_COUT_S0_CCU2C_S0_COUT[22] (4,5) -> (5,5)
Info:                Sink screen_driver.state_TRELLIS_FF_Q_2_DI_PFUMX_Z_ALUT_LUT4_Z_A_CCU2C_COUT_S0_CCU2C_S0_7$CCU2_COMB0.FCI
Info:                Defined in:
Info:                  top.v:11.19-17.6
Info:                  internal/ws2812_driver.v:43.24-43.69
Info:                  /home/ale/miniconda3/envs/digital/bin/../share/yosys/ecp5/arith_map.v:63.22-63.23
Info:  0.1  5.3  Source screen_driver.state_TRELLIS_FF_Q_2_DI_PFUMX_Z_ALUT_LUT4_Z_A_CCU2C_COUT_S0_CCU2C_S0_7$CCU2_COMB0.FCO
Info:  0.0  5.3    Net screen_driver.state_TRELLIS_FF_Q_2_DI_PFUMX_Z_ALUT_LUT4_Z_A_CCU2C_COUT_S0_CCU2C_S0_7$CCU2_FCI_INT (5,5) -> (5,5)
Info:                Sink screen_driver.state_TRELLIS_FF_Q_2_DI_PFUMX_Z_ALUT_LUT4_Z_A_CCU2C_COUT_S0_CCU2C_S0_7$CCU2_COMB1.FCI
Info:  0.0  5.3  Source screen_driver.state_TRELLIS_FF_Q_2_DI_PFUMX_Z_ALUT_LUT4_Z_A_CCU2C_COUT_S0_CCU2C_S0_7$CCU2_COMB1.FCO
Info:  0.0  5.3    Net screen_driver.state_TRELLIS_FF_Q_2_DI_PFUMX_Z_ALUT_LUT4_Z_A_CCU2C_COUT_S0_CCU2C_S0_COUT[24] (5,5) -> (5,5)
Info:                Sink screen_driver.state_TRELLIS_FF_Q_2_DI_PFUMX_Z_ALUT_LUT4_Z_A_CCU2C_COUT_S0_CCU2C_S0_6$CCU2_COMB0.FCI
Info:                Defined in:
Info:                  top.v:11.19-17.6
Info:                  internal/ws2812_driver.v:43.24-43.69
Info:                  /home/ale/miniconda3/envs/digital/bin/../share/yosys/ecp5/arith_map.v:63.22-63.23
Info:  0.1  5.4  Source screen_driver.state_TRELLIS_FF_Q_2_DI_PFUMX_Z_ALUT_LUT4_Z_A_CCU2C_COUT_S0_CCU2C_S0_6$CCU2_COMB0.FCO
Info:  0.0  5.4    Net screen_driver.state_TRELLIS_FF_Q_2_DI_PFUMX_Z_ALUT_LUT4_Z_A_CCU2C_COUT_S0_CCU2C_S0_6$CCU2_FCI_INT (5,5) -> (5,5)
Info:                Sink screen_driver.state_TRELLIS_FF_Q_2_DI_PFUMX_Z_ALUT_LUT4_Z_A_CCU2C_COUT_S0_CCU2C_S0_6$CCU2_COMB1.FCI
Info:  0.0  5.4  Source screen_driver.state_TRELLIS_FF_Q_2_DI_PFUMX_Z_ALUT_LUT4_Z_A_CCU2C_COUT_S0_CCU2C_S0_6$CCU2_COMB1.FCO
Info:  0.0  5.4    Net screen_driver.state_TRELLIS_FF_Q_2_DI_PFUMX_Z_ALUT_LUT4_Z_A_CCU2C_COUT_S0_CCU2C_S0_COUT[26] (5,5) -> (5,5)
Info:                Sink screen_driver.state_TRELLIS_FF_Q_2_DI_PFUMX_Z_ALUT_LUT4_Z_A_CCU2C_COUT_S0_CCU2C_S0_5$CCU2_COMB0.FCI
Info:                Defined in:
Info:                  top.v:11.19-17.6
Info:                  internal/ws2812_driver.v:43.24-43.69
Info:                  /home/ale/miniconda3/envs/digital/bin/../share/yosys/ecp5/arith_map.v:63.22-63.23
Info:  0.1  5.4  Source screen_driver.state_TRELLIS_FF_Q_2_DI_PFUMX_Z_ALUT_LUT4_Z_A_CCU2C_COUT_S0_CCU2C_S0_5$CCU2_COMB0.FCO
Info:  0.0  5.4    Net screen_driver.state_TRELLIS_FF_Q_2_DI_PFUMX_Z_ALUT_LUT4_Z_A_CCU2C_COUT_S0_CCU2C_S0_5$CCU2_FCI_INT (5,5) -> (5,5)
Info:                Sink screen_driver.state_TRELLIS_FF_Q_2_DI_PFUMX_Z_ALUT_LUT4_Z_A_CCU2C_COUT_S0_CCU2C_S0_5$CCU2_COMB1.FCI
Info:  0.0  5.4  Source screen_driver.state_TRELLIS_FF_Q_2_DI_PFUMX_Z_ALUT_LUT4_Z_A_CCU2C_COUT_S0_CCU2C_S0_5$CCU2_COMB1.FCO
Info:  0.0  5.4    Net screen_driver.state_TRELLIS_FF_Q_2_DI_PFUMX_Z_ALUT_LUT4_Z_A_CCU2C_COUT_S0_CCU2C_S0_COUT[28] (5,5) -> (5,5)
Info:                Sink screen_driver.state_TRELLIS_FF_Q_2_DI_PFUMX_Z_ALUT_LUT4_Z_A_CCU2C_COUT_S0_CCU2C_S0_4$CCU2_COMB0.FCI
Info:                Defined in:
Info:                  top.v:11.19-17.6
Info:                  internal/ws2812_driver.v:43.24-43.69
Info:                  /home/ale/miniconda3/envs/digital/bin/../share/yosys/ecp5/arith_map.v:63.22-63.23
Info:  0.1  5.5  Source screen_driver.state_TRELLIS_FF_Q_2_DI_PFUMX_Z_ALUT_LUT4_Z_A_CCU2C_COUT_S0_CCU2C_S0_4$CCU2_COMB0.FCO
Info:  0.0  5.5    Net screen_driver.state_TRELLIS_FF_Q_2_DI_PFUMX_Z_ALUT_LUT4_Z_A_CCU2C_COUT_S0_CCU2C_S0_4$CCU2_FCI_INT (5,5) -> (5,5)
Info:                Sink screen_driver.state_TRELLIS_FF_Q_2_DI_PFUMX_Z_ALUT_LUT4_Z_A_CCU2C_COUT_S0_CCU2C_S0_4$CCU2_COMB1.FCI
Info:  0.0  5.5  Source screen_driver.state_TRELLIS_FF_Q_2_DI_PFUMX_Z_ALUT_LUT4_Z_A_CCU2C_COUT_S0_CCU2C_S0_4$CCU2_COMB1.FCO
Info:  0.0  5.5    Net screen_driver.state_TRELLIS_FF_Q_2_DI_PFUMX_Z_ALUT_LUT4_Z_A_CCU2C_COUT_S0_CCU2C_S0_COUT[30] (5,5) -> (6,5)
Info:                Sink screen_driver.state_TRELLIS_FF_Q_2_DI_PFUMX_Z_ALUT_LUT4_Z_A_CCU2C_COUT$CCU2_COMB0.FCI
Info:                Defined in:
Info:                  top.v:11.19-17.6
Info:                  internal/ws2812_driver.v:43.24-43.69
Info:                  /home/ale/miniconda3/envs/digital/bin/../share/yosys/ecp5/arith_map.v:63.22-63.23
Info:  0.1  5.6  Source screen_driver.state_TRELLIS_FF_Q_2_DI_PFUMX_Z_ALUT_LUT4_Z_A_CCU2C_COUT$CCU2_COMB0.FCO
Info:  0.0  5.6    Net screen_driver.state_TRELLIS_FF_Q_2_DI_PFUMX_Z_ALUT_LUT4_Z_A_CCU2C_COUT$CCU2_FCI_INT (6,5) -> (6,5)
Info:                Sink screen_driver.state_TRELLIS_FF_Q_2_DI_PFUMX_Z_ALUT_LUT4_Z_A_CCU2C_COUT$CCU2_COMB1.FCI
Info:  0.0  5.6  Source screen_driver.state_TRELLIS_FF_Q_2_DI_PFUMX_Z_ALUT_LUT4_Z_A_CCU2C_COUT$CCU2_COMB1.FCO
Info:  0.0  5.6    Net $nextpnr_CCU2C_1$CIN (6,5) -> (6,5)
Info:                Sink $nextpnr_CCU2C_1$CCU2_COMB0.FCI
Info:  0.4  6.0  Source $nextpnr_CCU2C_1$CCU2_COMB0.F
Info:  0.5  6.5    Net screen_driver.bit_index_TRELLIS_FF_Q_DI_LUT4_Z_A[3] (6,5) -> (7,5)
Info:                Sink screen_driver.state_TRELLIS_FF_Q_1_DI_L6MUX21_Z_SD_L6MUX21_Z_D1_L6MUX21_Z_D1_PFUMX_Z_BLUT_LUT4_Z.D
Info:                Defined in:
Info:                  /home/ale/miniconda3/envs/digital/bin/../share/yosys/ecp5/cells_map.v:108.23-108.24
Info:  0.4  6.9  Source screen_driver.state_TRELLIS_FF_Q_1_DI_L6MUX21_Z_SD_L6MUX21_Z_D1_L6MUX21_Z_D1_PFUMX_Z_BLUT_LUT4_Z.OFX
Info:  0.0  6.9    Net screen_driver.state_TRELLIS_FF_Q_1_DI_L6MUX21_Z_SD_L6MUX21_Z_D1_L6MUX21_Z_D1 (7,5) -> (7,5)
Info:                Sink screen_driver.state_TRELLIS_FF_Q_1_DI_L6MUX21_Z_SD_L6MUX21_Z_D1_L6MUX21_Z_D1_PFUMX_Z_ALUT_LUT4_Z.FXB
Info:                Defined in:
Info:                  /home/ale/miniconda3/envs/digital/bin/../share/yosys/ecp5/cells_map.v:157.62-157.64
Info:  0.2  7.2  Source screen_driver.state_TRELLIS_FF_Q_1_DI_L6MUX21_Z_SD_L6MUX21_Z_D1_L6MUX21_Z_D1_PFUMX_Z_ALUT_LUT4_Z.OFX
Info:  0.0  7.2    Net screen_driver.state_TRELLIS_FF_Q_1_DI_L6MUX21_Z_SD_L6MUX21_Z_D1 (7,5) -> (7,5)
Info:                Sink screen_driver.state_TRELLIS_FF_Q_1_DI_L6MUX21_Z_SD_L6MUX21_Z_D1_L6MUX21_Z_D0_PFUMX_Z_ALUT_LUT4_Z.FXB
Info:                Defined in:
Info:                  /home/ale/miniconda3/envs/digital/bin/../share/yosys/ecp5/cells_map.v:157.70-157.72
Info:  0.2  7.4  Source screen_driver.state_TRELLIS_FF_Q_1_DI_L6MUX21_Z_SD_L6MUX21_Z_D1_L6MUX21_Z_D0_PFUMX_Z_ALUT_LUT4_Z.OFX
Info:  0.9  8.4    Net screen_driver.state_TRELLIS_FF_Q_1_DI_L6MUX21_Z_SD[6] (7,5) -> (9,4)
Info:                Sink screen_driver.state_TRELLIS_FF_Q_1_DI_L6MUX21_Z_D1_L6MUX21_Z_D0_PFUMX_Z_ALUT_LUT4_Z.M
Info:                Defined in:
Info:                  /home/ale/miniconda3/envs/digital/bin/../share/yosys/ecp5/cells_map.v:108.23-108.24
Info:  0.3  8.6  Source screen_driver.state_TRELLIS_FF_Q_1_DI_L6MUX21_Z_D1_L6MUX21_Z_D0_PFUMX_Z_ALUT_LUT4_Z.OFX
Info:  0.4  9.0    Net screen_driver.state_TRELLIS_FF_Q_1_DI (9,4) -> (9,4)
Info:                Sink screen_driver.state_TRELLIS_FF_Q_1.M
Info:  0.0  9.0  Setup screen_driver.state_TRELLIS_FF_Q_1.M
Info: 4.0 ns logic, 5.0 ns routing

Info: Critical path report for cross-domain path '<async>' -> 'posedge $glbnet$clk$TRELLIS_IO_IN':
Info: curr total
Info:  0.0  0.0  Source rst$tr_io.O
Info:  3.9  3.9    Net rst$TRELLIS_IO_IN (6,50) -> (8,2)
Info:                Sink screen_driver.bit_index_TRELLIS_FF_Q_2_LSR_LUT4_Z.D
Info:                Defined in:
Info:                  /home/ale/miniconda3/envs/digital/bin/../share/yosys/ecp5/cells_map.v:108.23-108.24
Info:  0.2  4.1  Source screen_driver.bit_index_TRELLIS_FF_Q_2_LSR_LUT4_Z.F
Info:  0.6  4.7    Net screen_driver.bit_index_TRELLIS_FF_Q_2_LSR (8,2) -> (8,2)
Info:                Sink screen_driver.bit_index_TRELLIS_FF_Q_2.LSR
Info:  0.4  5.1  Setup screen_driver.bit_index_TRELLIS_FF_Q_2.LSR
Info: 0.7 ns logic, 4.5 ns routing

Info: Critical path report for cross-domain path 'posedge $glbnet$clk$TRELLIS_IO_IN' -> '<async>':
Info: curr total
Info:  0.5  0.5  Source screen_driver.data_out_TRELLIS_FF_Q.Q
Info:  1.4  1.9    Net screen$TRELLIS_IO_OUT (3,3) -> (0,5)
Info:                Sink screen$tr_io.I
Info:                Defined in:
Info:                  top.v:11.19-17.6
Info:                  internal/ws2812_driver.v:6.16-6.24
Info: 0.5 ns logic, 1.4 ns routing

Info: Max frequency for clock '$glbnet$clk$TRELLIS_IO_IN': 111.36 MHz (PASS at 25.00 MHz)

Info: Max delay <async>                           -> posedge $glbnet$clk$TRELLIS_IO_IN: 5.12 ns
Info: Max delay posedge $glbnet$clk$TRELLIS_IO_IN -> <async>                          : 1.90 ns

Info: Program finished normally.
