
 /----------------------------------------------------------------------------\
 |                                                                            |
 |  yosys -- Yosys Open SYnthesis Suite                                       |
 |                                                                            |
 |  Copyright (C) 2012 - 2020  Claire Xenia Wolf <claire@yosyshq.com>         |
 |                                                                            |
 |  Permission to use, copy, modify, and/or distribute this software for any  |
 |  purpose with or without fee is hereby granted, provided that the above    |
 |  copyright notice and this permission notice appear in all copies.         |
 |                                                                            |
 |  THE SOFTWARE IS PROVIDED "AS IS" AND THE AUTHOR DISCLAIMS ALL WARRANTIES  |
 |  WITH REGARD TO THIS SOFTWARE INCLUDING ALL IMPLIED WARRANTIES OF          |
 |  MERCHANTABILITY AND FITNESS. IN NO EVENT SHALL THE AUTHOR BE LIABLE FOR   |
 |  ANY SPECIAL, DIRECT, INDIRECT, OR CONSEQUENTIAL DAMAGES OR ANY DAMAGES    |
 |  WHATSOEVER RESULTING FROM LOSS OF USE, DATA OR PROFITS, WHETHER IN AN     |
 |  ACTION OF CONTRACT, NEGLIGENCE OR OTHER TORTIOUS ACTION, ARISING OUT OF   |
 |  OR IN CONNECTION WITH THE USE OR PERFORMANCE OF THIS SOFTWARE.            |
 |                                                                            |
 \----------------------------------------------------------------------------/

 Yosys 0.33+6 (git sha1 41b34a193, x86_64-conda-linux-gnu-cc 11.2.0 -fvisibility-inlines-hidden -fmessage-length=0 -march=nocona -mtune=haswell -ftree-vectorize -fPIC -fstack-protector-strong -fno-plt -O2 -ffunction-sections -fdebug-prefix-map=/root/conda-eda/conda-eda/workdir/conda-env/conda-bld/yosys_1694128612374/work=/usr/local/src/conda/yosys-0.33_7_g41b34a193 -fdebug-prefix-map=/home/ale/miniconda3/envs/digital=/usr/local/src/conda-prefix -fPIC -Os -fno-merge-constants)


-- Parsing `top.v' using frontend ` -vlog2k' --

1. Executing Verilog-2005 frontend: top.v
Parsing Verilog input from `top.v' to AST representation.
Storing AST representation for module `$abstract\top'.
Successfully finished Verilog frontend.

-- Parsing `internal/ws2812_driver.v' using frontend ` -vlog2k' --

2. Executing Verilog-2005 frontend: internal/ws2812_driver.v
Parsing Verilog input from `internal/ws2812_driver.v' to AST representation.
Storing AST representation for module `$abstract\ws2812_driver'.
Successfully finished Verilog frontend.

-- Parsing `./internal/framebuffer.v' using frontend ` -vlog2k' --

3. Executing Verilog-2005 frontend: ./internal/framebuffer.v
Parsing Verilog input from `./internal/framebuffer.v' to AST representation.
Storing AST representation for module `$abstract\framebuffer'.
Successfully finished Verilog frontend.

-- Running command `synth_ecp5 -top top -json build/top.json' --

4. Executing SYNTH_ECP5 pass.

4.1. Executing Verilog-2005 frontend: /home/ale/miniconda3/envs/digital/bin/../share/yosys/ecp5/cells_sim.v
Parsing Verilog input from `/home/ale/miniconda3/envs/digital/bin/../share/yosys/ecp5/cells_sim.v' to AST representation.
Generating RTLIL representation for module `\LUT4'.
Generating RTLIL representation for module `\$__ABC9_LUT5'.
Generating RTLIL representation for module `\$__ABC9_LUT6'.
Generating RTLIL representation for module `\$__ABC9_LUT7'.
Generating RTLIL representation for module `\L6MUX21'.
Generating RTLIL representation for module `\CCU2C'.
Generating RTLIL representation for module `\TRELLIS_RAM16X2'.
Generating RTLIL representation for module `\PFUMX'.
Generating RTLIL representation for module `\TRELLIS_DPR16X4'.
Generating RTLIL representation for module `\DPR16X4C'.
Generating RTLIL representation for module `\LUT2'.
Generating RTLIL representation for module `\TRELLIS_FF'.
Generating RTLIL representation for module `\TRELLIS_IO'.
Generating RTLIL representation for module `\INV'.
Generating RTLIL representation for module `\TRELLIS_COMB'.
Generating RTLIL representation for module `\DP16KD'.
Generating RTLIL representation for module `\FD1P3AX'.
Generating RTLIL representation for module `\FD1P3AY'.
Generating RTLIL representation for module `\FD1P3BX'.
Generating RTLIL representation for module `\FD1P3DX'.
Generating RTLIL representation for module `\FD1P3IX'.
Generating RTLIL representation for module `\FD1P3JX'.
Generating RTLIL representation for module `\FD1S3AX'.
Generating RTLIL representation for module `\FD1S3AY'.
Generating RTLIL representation for module `\FD1S3BX'.
Generating RTLIL representation for module `\FD1S3DX'.
Generating RTLIL representation for module `\FD1S3IX'.
Generating RTLIL representation for module `\FD1S3JX'.
Generating RTLIL representation for module `\IFS1P3BX'.
Generating RTLIL representation for module `\IFS1P3DX'.
Generating RTLIL representation for module `\IFS1P3IX'.
Generating RTLIL representation for module `\IFS1P3JX'.
Generating RTLIL representation for module `\OFS1P3BX'.
Generating RTLIL representation for module `\OFS1P3DX'.
Generating RTLIL representation for module `\OFS1P3IX'.
Generating RTLIL representation for module `\OFS1P3JX'.
Generating RTLIL representation for module `\IB'.
Generating RTLIL representation for module `\IBPU'.
Generating RTLIL representation for module `\IBPD'.
Generating RTLIL representation for module `\OB'.
Generating RTLIL representation for module `\OBZ'.
Generating RTLIL representation for module `\OBZPU'.
Generating RTLIL representation for module `\OBZPD'.
Generating RTLIL representation for module `\OBCO'.
Generating RTLIL representation for module `\BB'.
Generating RTLIL representation for module `\BBPU'.
Generating RTLIL representation for module `\BBPD'.
Generating RTLIL representation for module `\ILVDS'.
Generating RTLIL representation for module `\OLVDS'.
Successfully finished Verilog frontend.

4.2. Executing Verilog-2005 frontend: /home/ale/miniconda3/envs/digital/bin/../share/yosys/ecp5/cells_bb.v
Parsing Verilog input from `/home/ale/miniconda3/envs/digital/bin/../share/yosys/ecp5/cells_bb.v' to AST representation.
Generating RTLIL representation for module `\MULT18X18D'.
Generating RTLIL representation for module `\ALU54B'.
Generating RTLIL representation for module `\EHXPLLL'.
Generating RTLIL representation for module `\DTR'.
Generating RTLIL representation for module `\OSCG'.
Generating RTLIL representation for module `\USRMCLK'.
Generating RTLIL representation for module `\JTAGG'.
Generating RTLIL representation for module `\DELAYF'.
Generating RTLIL representation for module `\DELAYG'.
Generating RTLIL representation for module `\IDDRX1F'.
Generating RTLIL representation for module `\IDDRX2F'.
Generating RTLIL representation for module `\IDDR71B'.
Generating RTLIL representation for module `\IDDRX2DQA'.
Generating RTLIL representation for module `\ODDRX1F'.
Generating RTLIL representation for module `\ODDRX2F'.
Generating RTLIL representation for module `\ODDR71B'.
Generating RTLIL representation for module `\OSHX2A'.
Generating RTLIL representation for module `\ODDRX2DQA'.
Generating RTLIL representation for module `\ODDRX2DQSB'.
Generating RTLIL representation for module `\TSHX2DQA'.
Generating RTLIL representation for module `\TSHX2DQSA'.
Generating RTLIL representation for module `\DQSBUFM'.
Generating RTLIL representation for module `\DDRDLLA'.
Generating RTLIL representation for module `\DLLDELD'.
Generating RTLIL representation for module `\CLKDIVF'.
Generating RTLIL representation for module `\ECLKSYNCB'.
Generating RTLIL representation for module `\ECLKBRIDGECS'.
Generating RTLIL representation for module `\DCCA'.
Generating RTLIL representation for module `\DCSC'.
Generating RTLIL representation for module `\DCUA'.
Generating RTLIL representation for module `\EXTREFB'.
Generating RTLIL representation for module `\PCSCLKDIV'.
Generating RTLIL representation for module `\PUR'.
Generating RTLIL representation for module `\GSR'.
Generating RTLIL representation for module `\SGSR'.
Generating RTLIL representation for module `\PDPW16KD'.
Successfully finished Verilog frontend.

4.3. Executing HIERARCHY pass (managing design hierarchy).

4.4. Executing AST frontend in derive mode using pre-parsed AST for module `\top'.
Generating RTLIL representation for module `\top'.

4.4.1. Analyzing design hierarchy..
Top module:  \top

4.4.2. Executing AST frontend in derive mode using pre-parsed AST for module `\ws2812_driver'.
Generating RTLIL representation for module `\ws2812_driver'.

4.4.3. Analyzing design hierarchy..
Top module:  \top
Used module:     \ws2812_driver

4.4.4. Analyzing design hierarchy..
Top module:  \top
Used module:     \ws2812_driver
Removing unused module `$abstract\framebuffer'.
Removing unused module `$abstract\ws2812_driver'.
Removing unused module `$abstract\top'.
Removed 3 unused modules.

4.5. Executing PROC pass (convert processes to netlists).

4.5.1. Executing PROC_CLEAN pass (remove empty switches from decision trees).
Found and cleaned up 1 empty switch in `\TRELLIS_DPR16X4.$proc$/home/ale/miniconda3/envs/digital/bin/../share/yosys/ecp5/cells_sim.v:213$117'.
Cleaned up 1 empty switch.

4.5.2. Executing PROC_RMDEAD pass (remove dead branches from decision trees).
Marked 1 switch rules as full_case in process $proc$/home/ale/miniconda3/envs/digital/bin/../share/yosys/ecp5/cells_sim.v:350$224 in module TRELLIS_FF.
Marked 1 switch rules as full_case in process $proc$/home/ale/miniconda3/envs/digital/bin/../share/yosys/ecp5/cells_sim.v:285$176 in module DPR16X4C.
Marked 1 switch rules as full_case in process $proc$/home/ale/miniconda3/envs/digital/bin/../share/yosys/ecp5/cells_sim.v:221$118 in module TRELLIS_DPR16X4.
Marked 7 switch rules as full_case in process $proc$internal/ws2812_driver.v:25$227 in module ws2812_driver.
Removed a total of 0 dead cases.

4.5.3. Executing PROC_PRUNE pass (remove redundant assignments in processes).
Removed 2 redundant assignments.
Promoted 42 assignments to connections.

4.5.4. Executing PROC_INIT pass (extract init attributes).
Found init rule in `\TRELLIS_FF.$proc$/home/ale/miniconda3/envs/digital/bin/../share/yosys/ecp5/cells_sim.v:0$225'.
  Set init value: \Q = 1'0

4.5.5. Executing PROC_ARST pass (detect async resets in processes).

4.5.6. Executing PROC_ROM pass (convert switches to ROMs).
Converted 0 switches.

4.5.7. Executing PROC_MUX pass (convert decision trees to multiplexers).
Creating decoders for process `\TRELLIS_FF.$proc$/home/ale/miniconda3/envs/digital/bin/../share/yosys/ecp5/cells_sim.v:0$225'.
Creating decoders for process `\TRELLIS_FF.$proc$/home/ale/miniconda3/envs/digital/bin/../share/yosys/ecp5/cells_sim.v:350$224'.
     1/1: $0\Q[0:0]
Creating decoders for process `\DPR16X4C.$proc$/home/ale/miniconda3/envs/digital/bin/../share/yosys/ecp5/cells_sim.v:0$199'.
Creating decoders for process `\DPR16X4C.$proc$/home/ale/miniconda3/envs/digital/bin/../share/yosys/ecp5/cells_sim.v:285$176'.
     1/3: $1$memwr$\ram$/home/ale/miniconda3/envs/digital/bin/../share/yosys/ecp5/cells_sim.v:287$175_EN[3:0]$182
     2/3: $1$memwr$\ram$/home/ale/miniconda3/envs/digital/bin/../share/yosys/ecp5/cells_sim.v:287$175_DATA[3:0]$181
     3/3: $1$memwr$\ram$/home/ale/miniconda3/envs/digital/bin/../share/yosys/ecp5/cells_sim.v:287$175_ADDR[3:0]$180
Creating decoders for process `\TRELLIS_DPR16X4.$proc$/home/ale/miniconda3/envs/digital/bin/../share/yosys/ecp5/cells_sim.v:0$142'.
Creating decoders for process `\TRELLIS_DPR16X4.$proc$/home/ale/miniconda3/envs/digital/bin/../share/yosys/ecp5/cells_sim.v:221$118'.
     1/3: $1$memwr$\mem$/home/ale/miniconda3/envs/digital/bin/../share/yosys/ecp5/cells_sim.v:223$116_EN[3:0]$124
     2/3: $1$memwr$\mem$/home/ale/miniconda3/envs/digital/bin/../share/yosys/ecp5/cells_sim.v:223$116_DATA[3:0]$123
     3/3: $1$memwr$\mem$/home/ale/miniconda3/envs/digital/bin/../share/yosys/ecp5/cells_sim.v:223$116_ADDR[3:0]$122
Creating decoders for process `\TRELLIS_DPR16X4.$proc$/home/ale/miniconda3/envs/digital/bin/../share/yosys/ecp5/cells_sim.v:213$117'.
Creating decoders for process `\ws2812_driver.$proc$internal/ws2812_driver.v:25$227'.
     1/5: $0\data_out[0:0]
     2/5: $0\counter[10:0]
     3/5: $0\bit_index[4:0]
     4/5: $0\state[1:0]
     5/5: $0\pixel_addr[9:0]

4.5.8. Executing PROC_DLATCH pass (convert process syncs to latches).

4.5.9. Executing PROC_DFF pass (convert process syncs to FFs).
Creating register for signal `\TRELLIS_FF.\Q' using process `\TRELLIS_FF.$proc$/home/ale/miniconda3/envs/digital/bin/../share/yosys/ecp5/cells_sim.v:350$224'.
  created $dff cell `$procdff$350' with positive edge clock.
Creating register for signal `\DPR16X4C.\i' using process `\DPR16X4C.$proc$/home/ale/miniconda3/envs/digital/bin/../share/yosys/ecp5/cells_sim.v:0$199'.
  created direct connection (no actual register cell created).
Creating register for signal `\DPR16X4C.$memwr$\ram$/home/ale/miniconda3/envs/digital/bin/../share/yosys/ecp5/cells_sim.v:281$160_EN' using process `\DPR16X4C.$proc$/home/ale/miniconda3/envs/digital/bin/../share/yosys/ecp5/cells_sim.v:0$199'.
  created direct connection (no actual register cell created).
Creating register for signal `\DPR16X4C.$memwr$\ram$/home/ale/miniconda3/envs/digital/bin/../share/yosys/ecp5/cells_sim.v:281$161_EN' using process `\DPR16X4C.$proc$/home/ale/miniconda3/envs/digital/bin/../share/yosys/ecp5/cells_sim.v:0$199'.
  created direct connection (no actual register cell created).
Creating register for signal `\DPR16X4C.$memwr$\ram$/home/ale/miniconda3/envs/digital/bin/../share/yosys/ecp5/cells_sim.v:281$162_EN' using process `\DPR16X4C.$proc$/home/ale/miniconda3/envs/digital/bin/../share/yosys/ecp5/cells_sim.v:0$199'.
  created direct connection (no actual register cell created).
Creating register for signal `\DPR16X4C.$memwr$\ram$/home/ale/miniconda3/envs/digital/bin/../share/yosys/ecp5/cells_sim.v:281$163_EN' using process `\DPR16X4C.$proc$/home/ale/miniconda3/envs/digital/bin/../share/yosys/ecp5/cells_sim.v:0$199'.
  created direct connection (no actual register cell created).
Creating register for signal `\DPR16X4C.$memwr$\ram$/home/ale/miniconda3/envs/digital/bin/../share/yosys/ecp5/cells_sim.v:281$164_EN' using process `\DPR16X4C.$proc$/home/ale/miniconda3/envs/digital/bin/../share/yosys/ecp5/cells_sim.v:0$199'.
  created direct connection (no actual register cell created).
Creating register for signal `\DPR16X4C.$memwr$\ram$/home/ale/miniconda3/envs/digital/bin/../share/yosys/ecp5/cells_sim.v:281$165_EN' using process `\DPR16X4C.$proc$/home/ale/miniconda3/envs/digital/bin/../share/yosys/ecp5/cells_sim.v:0$199'.
  created direct connection (no actual register cell created).
Creating register for signal `\DPR16X4C.$memwr$\ram$/home/ale/miniconda3/envs/digital/bin/../share/yosys/ecp5/cells_sim.v:281$166_EN' using process `\DPR16X4C.$proc$/home/ale/miniconda3/envs/digital/bin/../share/yosys/ecp5/cells_sim.v:0$199'.
  created direct connection (no actual register cell created).
Creating register for signal `\DPR16X4C.$memwr$\ram$/home/ale/miniconda3/envs/digital/bin/../share/yosys/ecp5/cells_sim.v:281$167_EN' using process `\DPR16X4C.$proc$/home/ale/miniconda3/envs/digital/bin/../share/yosys/ecp5/cells_sim.v:0$199'.
  created direct connection (no actual register cell created).
Creating register for signal `\DPR16X4C.$memwr$\ram$/home/ale/miniconda3/envs/digital/bin/../share/yosys/ecp5/cells_sim.v:281$168_EN' using process `\DPR16X4C.$proc$/home/ale/miniconda3/envs/digital/bin/../share/yosys/ecp5/cells_sim.v:0$199'.
  created direct connection (no actual register cell created).
Creating register for signal `\DPR16X4C.$memwr$\ram$/home/ale/miniconda3/envs/digital/bin/../share/yosys/ecp5/cells_sim.v:281$169_EN' using process `\DPR16X4C.$proc$/home/ale/miniconda3/envs/digital/bin/../share/yosys/ecp5/cells_sim.v:0$199'.
  created direct connection (no actual register cell created).
Creating register for signal `\DPR16X4C.$memwr$\ram$/home/ale/miniconda3/envs/digital/bin/../share/yosys/ecp5/cells_sim.v:281$170_EN' using process `\DPR16X4C.$proc$/home/ale/miniconda3/envs/digital/bin/../share/yosys/ecp5/cells_sim.v:0$199'.
  created direct connection (no actual register cell created).
Creating register for signal `\DPR16X4C.$memwr$\ram$/home/ale/miniconda3/envs/digital/bin/../share/yosys/ecp5/cells_sim.v:281$171_EN' using process `\DPR16X4C.$proc$/home/ale/miniconda3/envs/digital/bin/../share/yosys/ecp5/cells_sim.v:0$199'.
  created direct connection (no actual register cell created).
Creating register for signal `\DPR16X4C.$memwr$\ram$/home/ale/miniconda3/envs/digital/bin/../share/yosys/ecp5/cells_sim.v:281$172_EN' using process `\DPR16X4C.$proc$/home/ale/miniconda3/envs/digital/bin/../share/yosys/ecp5/cells_sim.v:0$199'.
  created direct connection (no actual register cell created).
Creating register for signal `\DPR16X4C.$memwr$\ram$/home/ale/miniconda3/envs/digital/bin/../share/yosys/ecp5/cells_sim.v:281$173_EN' using process `\DPR16X4C.$proc$/home/ale/miniconda3/envs/digital/bin/../share/yosys/ecp5/cells_sim.v:0$199'.
  created direct connection (no actual register cell created).
Creating register for signal `\DPR16X4C.$memwr$\ram$/home/ale/miniconda3/envs/digital/bin/../share/yosys/ecp5/cells_sim.v:281$174_EN' using process `\DPR16X4C.$proc$/home/ale/miniconda3/envs/digital/bin/../share/yosys/ecp5/cells_sim.v:0$199'.
  created direct connection (no actual register cell created).
Creating register for signal `\DPR16X4C.$memwr$\ram$/home/ale/miniconda3/envs/digital/bin/../share/yosys/ecp5/cells_sim.v:287$175_ADDR' using process `\DPR16X4C.$proc$/home/ale/miniconda3/envs/digital/bin/../share/yosys/ecp5/cells_sim.v:285$176'.
  created $dff cell `$procdff$351' with positive edge clock.
Creating register for signal `\DPR16X4C.$memwr$\ram$/home/ale/miniconda3/envs/digital/bin/../share/yosys/ecp5/cells_sim.v:287$175_DATA' using process `\DPR16X4C.$proc$/home/ale/miniconda3/envs/digital/bin/../share/yosys/ecp5/cells_sim.v:285$176'.
  created $dff cell `$procdff$352' with positive edge clock.
Creating register for signal `\DPR16X4C.$memwr$\ram$/home/ale/miniconda3/envs/digital/bin/../share/yosys/ecp5/cells_sim.v:287$175_EN' using process `\DPR16X4C.$proc$/home/ale/miniconda3/envs/digital/bin/../share/yosys/ecp5/cells_sim.v:285$176'.
  created $dff cell `$procdff$353' with positive edge clock.
Creating register for signal `\TRELLIS_DPR16X4.\i' using process `\TRELLIS_DPR16X4.$proc$/home/ale/miniconda3/envs/digital/bin/../share/yosys/ecp5/cells_sim.v:0$142'.
  created direct connection (no actual register cell created).
Creating register for signal `\TRELLIS_DPR16X4.$memwr$\mem$/home/ale/miniconda3/envs/digital/bin/../share/yosys/ecp5/cells_sim.v:207$100_EN' using process `\TRELLIS_DPR16X4.$proc$/home/ale/miniconda3/envs/digital/bin/../share/yosys/ecp5/cells_sim.v:0$142'.
  created direct connection (no actual register cell created).
Creating register for signal `\TRELLIS_DPR16X4.$memwr$\mem$/home/ale/miniconda3/envs/digital/bin/../share/yosys/ecp5/cells_sim.v:207$101_EN' using process `\TRELLIS_DPR16X4.$proc$/home/ale/miniconda3/envs/digital/bin/../share/yosys/ecp5/cells_sim.v:0$142'.
  created direct connection (no actual register cell created).
Creating register for signal `\TRELLIS_DPR16X4.$memwr$\mem$/home/ale/miniconda3/envs/digital/bin/../share/yosys/ecp5/cells_sim.v:207$102_EN' using process `\TRELLIS_DPR16X4.$proc$/home/ale/miniconda3/envs/digital/bin/../share/yosys/ecp5/cells_sim.v:0$142'.
  created direct connection (no actual register cell created).
Creating register for signal `\TRELLIS_DPR16X4.$memwr$\mem$/home/ale/miniconda3/envs/digital/bin/../share/yosys/ecp5/cells_sim.v:207$103_EN' using process `\TRELLIS_DPR16X4.$proc$/home/ale/miniconda3/envs/digital/bin/../share/yosys/ecp5/cells_sim.v:0$142'.
  created direct connection (no actual register cell created).
Creating register for signal `\TRELLIS_DPR16X4.$memwr$\mem$/home/ale/miniconda3/envs/digital/bin/../share/yosys/ecp5/cells_sim.v:207$104_EN' using process `\TRELLIS_DPR16X4.$proc$/home/ale/miniconda3/envs/digital/bin/../share/yosys/ecp5/cells_sim.v:0$142'.
  created direct connection (no actual register cell created).
Creating register for signal `\TRELLIS_DPR16X4.$memwr$\mem$/home/ale/miniconda3/envs/digital/bin/../share/yosys/ecp5/cells_sim.v:207$105_EN' using process `\TRELLIS_DPR16X4.$proc$/home/ale/miniconda3/envs/digital/bin/../share/yosys/ecp5/cells_sim.v:0$142'.
  created direct connection (no actual register cell created).
Creating register for signal `\TRELLIS_DPR16X4.$memwr$\mem$/home/ale/miniconda3/envs/digital/bin/../share/yosys/ecp5/cells_sim.v:207$106_EN' using process `\TRELLIS_DPR16X4.$proc$/home/ale/miniconda3/envs/digital/bin/../share/yosys/ecp5/cells_sim.v:0$142'.
  created direct connection (no actual register cell created).
Creating register for signal `\TRELLIS_DPR16X4.$memwr$\mem$/home/ale/miniconda3/envs/digital/bin/../share/yosys/ecp5/cells_sim.v:207$107_EN' using process `\TRELLIS_DPR16X4.$proc$/home/ale/miniconda3/envs/digital/bin/../share/yosys/ecp5/cells_sim.v:0$142'.
  created direct connection (no actual register cell created).
Creating register for signal `\TRELLIS_DPR16X4.$memwr$\mem$/home/ale/miniconda3/envs/digital/bin/../share/yosys/ecp5/cells_sim.v:207$108_EN' using process `\TRELLIS_DPR16X4.$proc$/home/ale/miniconda3/envs/digital/bin/../share/yosys/ecp5/cells_sim.v:0$142'.
  created direct connection (no actual register cell created).
Creating register for signal `\TRELLIS_DPR16X4.$memwr$\mem$/home/ale/miniconda3/envs/digital/bin/../share/yosys/ecp5/cells_sim.v:207$109_EN' using process `\TRELLIS_DPR16X4.$proc$/home/ale/miniconda3/envs/digital/bin/../share/yosys/ecp5/cells_sim.v:0$142'.
  created direct connection (no actual register cell created).
Creating register for signal `\TRELLIS_DPR16X4.$memwr$\mem$/home/ale/miniconda3/envs/digital/bin/../share/yosys/ecp5/cells_sim.v:207$110_EN' using process `\TRELLIS_DPR16X4.$proc$/home/ale/miniconda3/envs/digital/bin/../share/yosys/ecp5/cells_sim.v:0$142'.
  created direct connection (no actual register cell created).
Creating register for signal `\TRELLIS_DPR16X4.$memwr$\mem$/home/ale/miniconda3/envs/digital/bin/../share/yosys/ecp5/cells_sim.v:207$111_EN' using process `\TRELLIS_DPR16X4.$proc$/home/ale/miniconda3/envs/digital/bin/../share/yosys/ecp5/cells_sim.v:0$142'.
  created direct connection (no actual register cell created).
Creating register for signal `\TRELLIS_DPR16X4.$memwr$\mem$/home/ale/miniconda3/envs/digital/bin/../share/yosys/ecp5/cells_sim.v:207$112_EN' using process `\TRELLIS_DPR16X4.$proc$/home/ale/miniconda3/envs/digital/bin/../share/yosys/ecp5/cells_sim.v:0$142'.
  created direct connection (no actual register cell created).
Creating register for signal `\TRELLIS_DPR16X4.$memwr$\mem$/home/ale/miniconda3/envs/digital/bin/../share/yosys/ecp5/cells_sim.v:207$113_EN' using process `\TRELLIS_DPR16X4.$proc$/home/ale/miniconda3/envs/digital/bin/../share/yosys/ecp5/cells_sim.v:0$142'.
  created direct connection (no actual register cell created).
Creating register for signal `\TRELLIS_DPR16X4.$memwr$\mem$/home/ale/miniconda3/envs/digital/bin/../share/yosys/ecp5/cells_sim.v:207$114_EN' using process `\TRELLIS_DPR16X4.$proc$/home/ale/miniconda3/envs/digital/bin/../share/yosys/ecp5/cells_sim.v:0$142'.
  created direct connection (no actual register cell created).
Creating register for signal `\TRELLIS_DPR16X4.$memwr$\mem$/home/ale/miniconda3/envs/digital/bin/../share/yosys/ecp5/cells_sim.v:207$115_EN' using process `\TRELLIS_DPR16X4.$proc$/home/ale/miniconda3/envs/digital/bin/../share/yosys/ecp5/cells_sim.v:0$142'.
  created direct connection (no actual register cell created).
Creating register for signal `\TRELLIS_DPR16X4.$memwr$\mem$/home/ale/miniconda3/envs/digital/bin/../share/yosys/ecp5/cells_sim.v:223$116_ADDR' using process `\TRELLIS_DPR16X4.$proc$/home/ale/miniconda3/envs/digital/bin/../share/yosys/ecp5/cells_sim.v:221$118'.
  created $dff cell `$procdff$354' with positive edge clock.
Creating register for signal `\TRELLIS_DPR16X4.$memwr$\mem$/home/ale/miniconda3/envs/digital/bin/../share/yosys/ecp5/cells_sim.v:223$116_DATA' using process `\TRELLIS_DPR16X4.$proc$/home/ale/miniconda3/envs/digital/bin/../share/yosys/ecp5/cells_sim.v:221$118'.
  created $dff cell `$procdff$355' with positive edge clock.
Creating register for signal `\TRELLIS_DPR16X4.$memwr$\mem$/home/ale/miniconda3/envs/digital/bin/../share/yosys/ecp5/cells_sim.v:223$116_EN' using process `\TRELLIS_DPR16X4.$proc$/home/ale/miniconda3/envs/digital/bin/../share/yosys/ecp5/cells_sim.v:221$118'.
  created $dff cell `$procdff$356' with positive edge clock.
Creating register for signal `\TRELLIS_DPR16X4.\muxwre' using process `\TRELLIS_DPR16X4.$proc$/home/ale/miniconda3/envs/digital/bin/../share/yosys/ecp5/cells_sim.v:213$117'.
  created direct connection (no actual register cell created).
Creating register for signal `\ws2812_driver.\pixel_addr' using process `\ws2812_driver.$proc$internal/ws2812_driver.v:25$227'.
  created $dff cell `$procdff$357' with positive edge clock.
Creating register for signal `\ws2812_driver.\data_out' using process `\ws2812_driver.$proc$internal/ws2812_driver.v:25$227'.
  created $dff cell `$procdff$358' with positive edge clock.
Creating register for signal `\ws2812_driver.\state' using process `\ws2812_driver.$proc$internal/ws2812_driver.v:25$227'.
  created $dff cell `$procdff$359' with positive edge clock.
Creating register for signal `\ws2812_driver.\counter' using process `\ws2812_driver.$proc$internal/ws2812_driver.v:25$227'.
  created $dff cell `$procdff$360' with positive edge clock.
Creating register for signal `\ws2812_driver.\bit_index' using process `\ws2812_driver.$proc$internal/ws2812_driver.v:25$227'.
  created $dff cell `$procdff$361' with positive edge clock.

4.5.10. Executing PROC_MEMWR pass (convert process memory writes to cells).

4.5.11. Executing PROC_CLEAN pass (remove empty switches from decision trees).
Removing empty process `TRELLIS_FF.$proc$/home/ale/miniconda3/envs/digital/bin/../share/yosys/ecp5/cells_sim.v:0$225'.
Found and cleaned up 2 empty switches in `\TRELLIS_FF.$proc$/home/ale/miniconda3/envs/digital/bin/../share/yosys/ecp5/cells_sim.v:350$224'.
Removing empty process `TRELLIS_FF.$proc$/home/ale/miniconda3/envs/digital/bin/../share/yosys/ecp5/cells_sim.v:350$224'.
Removing empty process `DPR16X4C.$proc$/home/ale/miniconda3/envs/digital/bin/../share/yosys/ecp5/cells_sim.v:0$199'.
Found and cleaned up 1 empty switch in `\DPR16X4C.$proc$/home/ale/miniconda3/envs/digital/bin/../share/yosys/ecp5/cells_sim.v:285$176'.
Removing empty process `TRELLIS_DPR16X4.$proc$/home/ale/miniconda3/envs/digital/bin/../share/yosys/ecp5/cells_sim.v:0$142'.
Found and cleaned up 1 empty switch in `\TRELLIS_DPR16X4.$proc$/home/ale/miniconda3/envs/digital/bin/../share/yosys/ecp5/cells_sim.v:221$118'.
Removing empty process `TRELLIS_DPR16X4.$proc$/home/ale/miniconda3/envs/digital/bin/../share/yosys/ecp5/cells_sim.v:213$117'.
Found and cleaned up 7 empty switches in `\ws2812_driver.$proc$internal/ws2812_driver.v:25$227'.
Removing empty process `ws2812_driver.$proc$internal/ws2812_driver.v:25$227'.
Cleaned up 11 empty switches.

4.5.12. Executing OPT_EXPR pass (perform const folding).
Optimizing module ws2812_driver.
Optimizing module top.

4.6. Executing FLATTEN pass (flatten design).
Deleting now unused module ws2812_driver.

4.7. Executing TRIBUF pass.

4.8. Executing DEMINOUT pass (demote inout ports to input or output).

4.9. Executing OPT_EXPR pass (perform const folding).
Optimizing module top.

4.10. Executing OPT_CLEAN pass (remove unused cells and wires).
Finding unused cells or wires in module \top..
Removed 1 unused cells and 28 unused wires.

4.11. Executing CHECK pass (checking for obvious problems).
Checking module top...
Found and reported 0 problems.

4.12. Executing OPT pass (performing simple optimizations).

4.12.1. Executing OPT_EXPR pass (perform const folding).
Optimizing module top.

4.12.2. Executing OPT_MERGE pass (detect identical cells).
Finding identical cells in module `\top'.
Removed a total of 16 cells.

4.12.3. Executing OPT_MUXTREE pass (detect dead branches in mux trees).
Running muxtree optimizer on module \top..
  Creating internal representation of mux trees.
  Evaluating internal representation of mux trees.
  Analyzing evaluation results.
Removed 0 multiplexer ports.

4.12.4. Executing OPT_REDUCE pass (consolidate $*mux and $reduce_* inputs).
  Optimizing cells in module \top.
    New ctrl vector for $pmux cell $flatten\screen_driver.$procmux$265: { $flatten\screen_driver.$procmux$268_CMP $auto$opt_reduce.cc:134:opt_pmux$363 }
  Optimizing cells in module \top.
Performed a total of 1 changes.

4.12.5. Executing OPT_MERGE pass (detect identical cells).
Finding identical cells in module `\top'.
Removed a total of 0 cells.

4.12.6. Executing OPT_DFF pass (perform DFF optimizations).

4.12.7. Executing OPT_CLEAN pass (remove unused cells and wires).
Finding unused cells or wires in module \top..
Removed 0 unused cells and 16 unused wires.

4.12.8. Executing OPT_EXPR pass (perform const folding).
Optimizing module top.

4.12.9. Rerunning OPT passes. (Maybe there is more to do..)

4.12.10. Executing OPT_MUXTREE pass (detect dead branches in mux trees).
Running muxtree optimizer on module \top..
  Creating internal representation of mux trees.
  Evaluating internal representation of mux trees.
  Analyzing evaluation results.
Removed 0 multiplexer ports.

4.12.11. Executing OPT_REDUCE pass (consolidate $*mux and $reduce_* inputs).
  Optimizing cells in module \top.
Performed a total of 0 changes.

4.12.12. Executing OPT_MERGE pass (detect identical cells).
Finding identical cells in module `\top'.
Removed a total of 0 cells.

4.12.13. Executing OPT_DFF pass (perform DFF optimizations).

4.12.14. Executing OPT_CLEAN pass (remove unused cells and wires).
Finding unused cells or wires in module \top..

4.12.15. Executing OPT_EXPR pass (perform const folding).
Optimizing module top.

4.12.16. Finished OPT passes. (There is nothing left to do.)

4.13. Executing FSM pass (extract and optimize FSM).

4.13.1. Executing FSM_DETECT pass (finding FSMs in design).
Found FSM state register top.screen_driver.state.

4.13.2. Executing FSM_EXTRACT pass (extracting FSM from design).
Extracting FSM `\screen_driver.state' from module `\top'.
  found $dff cell for state register: $flatten\screen_driver.$procdff$359
  root of input selection tree: $flatten\screen_driver.$0\state[1:0]
  found reset state: 2'00 (guessed from mux tree)
  found ctrl input: \rst
  found state code: 2'00
  found ctrl input: $flatten\screen_driver.$procmux$266_CMP
  found ctrl input: $flatten\screen_driver.$procmux$267_CMP
  found ctrl input: $flatten\screen_driver.$procmux$268_CMP
  found ctrl input: $flatten\screen_driver.$procmux$269_CMP
  found ctrl input: $flatten\screen_driver.$lt$internal/ws2812_driver.v:73$240_Y
  found state code: 2'01
  found ctrl input: $flatten\screen_driver.$lt$internal/ws2812_driver.v:53$234_Y
  found ctrl input: $flatten\screen_driver.$gt$internal/ws2812_driver.v:58$236_Y
  found ctrl input: $flatten\screen_driver.$lt$internal/ws2812_driver.v:61$238_Y
  found state code: 2'11
  found ctrl input: $flatten\screen_driver.$lt$internal/ws2812_driver.v:43$230_Y
  found state code: 2'10
  found ctrl output: $flatten\screen_driver.$procmux$269_CMP
  found ctrl output: $flatten\screen_driver.$procmux$268_CMP
  found ctrl output: $flatten\screen_driver.$procmux$267_CMP
  found ctrl output: $flatten\screen_driver.$procmux$266_CMP
  ctrl inputs: { $flatten\screen_driver.$lt$internal/ws2812_driver.v:43$230_Y $flatten\screen_driver.$lt$internal/ws2812_driver.v:53$234_Y $flatten\screen_driver.$gt$internal/ws2812_driver.v:58$236_Y $flatten\screen_driver.$lt$internal/ws2812_driver.v:61$238_Y $flatten\screen_driver.$lt$internal/ws2812_driver.v:73$240_Y \rst }
  ctrl outputs: { $flatten\screen_driver.$0\state[1:0] $flatten\screen_driver.$procmux$266_CMP $flatten\screen_driver.$procmux$267_CMP $flatten\screen_driver.$procmux$268_CMP $flatten\screen_driver.$procmux$269_CMP }
  transition:       2'00 6'-----0 ->       2'00 6'000001
  transition:       2'00 6'-----1 ->       2'01 6'010001
  transition:       2'10 6'-----0 ->       2'00 6'000100
  transition:       2'10 6'-000-1 ->       2'11 6'110100
  transition:       2'10 6'-001-1 ->       2'01 6'010100
  transition:       2'10 6'-01--1 ->       2'01 6'010100
  transition:       2'10 6'-1---1 ->       2'10 6'100100
  transition:       2'01 6'-----0 ->       2'00 6'000010
  transition:       2'01 6'0----1 ->       2'10 6'100010
  transition:       2'01 6'1----1 ->       2'01 6'010010
  transition:       2'11 6'-----0 ->       2'00 6'001000
  transition:       2'11 6'----01 ->       2'01 6'011000
  transition:       2'11 6'----11 ->       2'11 6'111000

4.13.3. Executing FSM_OPT pass (simple optimizations of FSMs).
Optimizing FSM `$fsm$\screen_driver.state$364' from module `\top'.

4.13.4. Executing OPT_CLEAN pass (remove unused cells and wires).
Finding unused cells or wires in module \top..
Removed 12 unused cells and 12 unused wires.

4.13.5. Executing FSM_OPT pass (simple optimizations of FSMs).
Optimizing FSM `$fsm$\screen_driver.state$364' from module `\top'.
  Removing unused output signal $flatten\screen_driver.$0\state[1:0] [0].
  Removing unused output signal $flatten\screen_driver.$0\state[1:0] [1].

4.13.6. Executing FSM_RECODE pass (re-assigning FSM state encoding).
Recoding FSM `$fsm$\screen_driver.state$364' from module `\top' using `auto' encoding:
  mapping auto encoding to `one-hot` for this FSM.
  00 -> ---1
  10 -> --1-
  01 -> -1--
  11 -> 1---

4.13.7. Executing FSM_INFO pass (dumping all available information on FSM cells).

FSM `$fsm$\screen_driver.state$364' from module `top':
-------------------------------------

  Information on FSM $fsm$\screen_driver.state$364 (\screen_driver.state):

  Number of input signals:    6
  Number of output signals:   4
  Number of state bits:       4

  Input signals:
    0: \rst
    1: $flatten\screen_driver.$lt$internal/ws2812_driver.v:73$240_Y
    2: $flatten\screen_driver.$lt$internal/ws2812_driver.v:61$238_Y
    3: $flatten\screen_driver.$gt$internal/ws2812_driver.v:58$236_Y
    4: $flatten\screen_driver.$lt$internal/ws2812_driver.v:53$234_Y
    5: $flatten\screen_driver.$lt$internal/ws2812_driver.v:43$230_Y

  Output signals:
    0: $flatten\screen_driver.$procmux$269_CMP
    1: $flatten\screen_driver.$procmux$268_CMP
    2: $flatten\screen_driver.$procmux$267_CMP
    3: $flatten\screen_driver.$procmux$266_CMP

  State encoding:
    0:     4'---1  <RESET STATE>
    1:     4'--1-
    2:     4'-1--
    3:     4'1---

  Transition Table (state_in, ctrl_in, state_out, ctrl_out):
      0:     0 6'-----0   ->     0 4'0001
      1:     0 6'-----1   ->     2 4'0001
      2:     1 6'-----0   ->     0 4'0100
      3:     1 6'-1---1   ->     1 4'0100
      4:     1 6'-001-1   ->     2 4'0100
      5:     1 6'-01--1   ->     2 4'0100
      6:     1 6'-000-1   ->     3 4'0100
      7:     2 6'-----0   ->     0 4'0010
      8:     2 6'0----1   ->     1 4'0010
      9:     2 6'1----1   ->     2 4'0010
     10:     3 6'-----0   ->     0 4'1000
     11:     3 6'----01   ->     2 4'1000
     12:     3 6'----11   ->     3 4'1000

-------------------------------------

4.13.8. Executing FSM_MAP pass (mapping FSMs to basic logic).
Mapping FSM `$fsm$\screen_driver.state$364' from module `\top'.

4.14. Executing OPT pass (performing simple optimizations).

4.14.1. Executing OPT_EXPR pass (perform const folding).
Optimizing module top.

4.14.2. Executing OPT_MERGE pass (detect identical cells).
Finding identical cells in module `\top'.
Removed a total of 0 cells.

4.14.3. Executing OPT_MUXTREE pass (detect dead branches in mux trees).
Running muxtree optimizer on module \top..
  Creating internal representation of mux trees.
  Evaluating internal representation of mux trees.
  Analyzing evaluation results.
Removed 0 multiplexer ports.

4.14.4. Executing OPT_REDUCE pass (consolidate $*mux and $reduce_* inputs).
  Optimizing cells in module \top.
Performed a total of 0 changes.

4.14.5. Executing OPT_MERGE pass (detect identical cells).
Finding identical cells in module `\top'.
Removed a total of 0 cells.

4.14.6. Executing OPT_DFF pass (perform DFF optimizations).
Adding SRST signal on $flatten\screen_driver.$procdff$361 ($dff) from module top (D = $flatten\screen_driver.$procmux$293_Y, Q = \screen_driver.bit_index, rval = 5'10111).
Adding EN signal on $auto$ff.cc:266:slice$415 ($sdff) from module top (D = $flatten\screen_driver.$procmux$293_Y, Q = \screen_driver.bit_index).
Adding SRST signal on $flatten\screen_driver.$procdff$360 ($dff) from module top (D = $flatten\screen_driver.$procmux$276_Y, Q = \screen_driver.counter, rval = 11'00000000000).
Adding SRST signal on $flatten\screen_driver.$procdff$358 ($dff) from module top (D = $flatten\screen_driver.$procmux$265_Y, Q = \screen_driver.data_out, rval = 1'0).
Adding SRST signal on $flatten\screen_driver.$procdff$357 ($dff) from module top (D = $flatten\screen_driver.$procmux$335_Y, Q = \screen_driver.pixel_addr, rval = 10'0000000000).
Adding EN signal on $auto$ff.cc:266:slice$429 ($sdff) from module top (D = $flatten\screen_driver.$procmux$335_Y, Q = \screen_driver.pixel_addr).

4.14.7. Executing OPT_CLEAN pass (remove unused cells and wires).
Finding unused cells or wires in module \top..
Removed 4 unused cells and 13 unused wires.

4.14.8. Executing OPT_EXPR pass (perform const folding).
Optimizing module top.

4.14.9. Rerunning OPT passes. (Maybe there is more to do..)

4.14.10. Executing OPT_MUXTREE pass (detect dead branches in mux trees).
Running muxtree optimizer on module \top..
  Creating internal representation of mux trees.
  Evaluating internal representation of mux trees.
  Analyzing evaluation results.
Removed 0 multiplexer ports.

4.14.11. Executing OPT_REDUCE pass (consolidate $*mux and $reduce_* inputs).
  Optimizing cells in module \top.
Performed a total of 0 changes.

4.14.12. Executing OPT_MERGE pass (detect identical cells).
Finding identical cells in module `\top'.
Removed a total of 3 cells.

4.14.13. Executing OPT_DFF pass (perform DFF optimizations).

4.14.14. Executing OPT_CLEAN pass (remove unused cells and wires).
Finding unused cells or wires in module \top..
Removed 0 unused cells and 3 unused wires.

4.14.15. Executing OPT_EXPR pass (perform const folding).
Optimizing module top.

4.14.16. Rerunning OPT passes. (Maybe there is more to do..)

4.14.17. Executing OPT_MUXTREE pass (detect dead branches in mux trees).
Running muxtree optimizer on module \top..
  Creating internal representation of mux trees.
  Evaluating internal representation of mux trees.
  Analyzing evaluation results.
Removed 0 multiplexer ports.

4.14.18. Executing OPT_REDUCE pass (consolidate $*mux and $reduce_* inputs).
  Optimizing cells in module \top.
Performed a total of 0 changes.

4.14.19. Executing OPT_MERGE pass (detect identical cells).
Finding identical cells in module `\top'.
Removed a total of 0 cells.

4.14.20. Executing OPT_DFF pass (perform DFF optimizations).

4.14.21. Executing OPT_CLEAN pass (remove unused cells and wires).
Finding unused cells or wires in module \top..

4.14.22. Executing OPT_EXPR pass (perform const folding).
Optimizing module top.

4.14.23. Finished OPT passes. (There is nothing left to do.)

4.15. Executing WREDUCE pass (reducing word size of cells).
Removed top 1 bits (of 3) from port B of cell top.$auto$opt_dff.cc:195:make_patterns_logic$436 ($ne).
Removed top 1 bits (of 3) from port B of cell top.$auto$fsm_map.cc:77:implement_pattern_cache$394 ($eq).
Removed top 3 bits (of 4) from port B of cell top.$auto$opt_dff.cc:195:make_patterns_logic$420 ($ne).
Removed top 2 bits (of 4) from port B of cell top.$auto$fsm_map.cc:77:implement_pattern_cache$390 ($eq).
Removed top 1 bits (of 2) from port B of cell top.$auto$fsm_map.cc:77:implement_pattern_cache$386 ($eq).
Removed top 3 bits (of 4) from port B of cell top.$auto$fsm_map.cc:77:implement_pattern_cache$411 ($eq).
Removed top 1 bits (of 2) from port B of cell top.$auto$fsm_map.cc:77:implement_pattern_cache$381 ($eq).
Removed top 21 bits (of 32) from port B of cell top.$flatten\screen_driver.$lt$internal/ws2812_driver.v:73$240 ($lt).
Removed top 31 bits (of 32) from port B of cell top.$flatten\screen_driver.$add$internal/ws2812_driver.v:62$239 ($add).
Removed top 22 bits (of 32) from port Y of cell top.$flatten\screen_driver.$add$internal/ws2812_driver.v:62$239 ($add).
Removed top 22 bits (of 32) from port B of cell top.$flatten\screen_driver.$lt$internal/ws2812_driver.v:61$238 ($lt).
Removed top 31 bits (of 32) from port B of cell top.$flatten\screen_driver.$sub$internal/ws2812_driver.v:59$237 ($sub).
Removed top 27 bits (of 32) from port Y of cell top.$flatten\screen_driver.$sub$internal/ws2812_driver.v:59$237 ($sub).
Removed top 31 bits (of 32) from port B of cell top.$flatten\screen_driver.$gt$internal/ws2812_driver.v:58$236 ($gt).
Removed top 27 bits (of 32) from mux cell top.$flatten\screen_driver.$ternary$internal/ws2812_driver.v:53$233 ($mux).
Removed top 31 bits (of 32) from port B of cell top.$flatten\screen_driver.$add$internal/ws2812_driver.v:44$231 ($add).
Removed top 21 bits (of 32) from port Y of cell top.$flatten\screen_driver.$add$internal/ws2812_driver.v:44$231 ($add).
Removed top 27 bits (of 32) from mux cell top.$flatten\screen_driver.$ternary$internal/ws2812_driver.v:43$229 ($mux).
Removed top 21 bits (of 32) from wire top.$flatten\screen_driver.$add$internal/ws2812_driver.v:44$231_Y.
Removed top 22 bits (of 32) from wire top.$flatten\screen_driver.$add$internal/ws2812_driver.v:62$239_Y.
Removed top 27 bits (of 32) from wire top.$flatten\screen_driver.$sub$internal/ws2812_driver.v:59$237_Y.
Removed top 27 bits (of 32) from wire top.$flatten\screen_driver.$ternary$internal/ws2812_driver.v:43$229_Y.

4.16. Executing PEEPOPT pass (run peephole optimizers).

4.17. Executing OPT_CLEAN pass (remove unused cells and wires).
Finding unused cells or wires in module \top..
Removed 0 unused cells and 4 unused wires.

4.18. Executing SHARE pass (SAT-based resource sharing).

4.19. Executing TECHMAP pass (map to technology primitives).

4.19.1. Executing Verilog-2005 frontend: /home/ale/miniconda3/envs/digital/bin/../share/yosys/cmp2lut.v
Parsing Verilog input from `/home/ale/miniconda3/envs/digital/bin/../share/yosys/cmp2lut.v' to AST representation.
Generating RTLIL representation for module `\_90_lut_cmp_'.
Successfully finished Verilog frontend.

4.19.2. Continuing TECHMAP pass.
No more expansions possible.

4.20. Executing OPT_EXPR pass (perform const folding).
Optimizing module top.

4.21. Executing OPT_CLEAN pass (remove unused cells and wires).
Finding unused cells or wires in module \top..

4.22. Executing TECHMAP pass (map to technology primitives).

4.22.1. Executing Verilog-2005 frontend: /home/ale/miniconda3/envs/digital/bin/../share/yosys/mul2dsp.v
Parsing Verilog input from `/home/ale/miniconda3/envs/digital/bin/../share/yosys/mul2dsp.v' to AST representation.
Generating RTLIL representation for module `\_80_mul'.
Generating RTLIL representation for module `\_90_soft_mul'.
Successfully finished Verilog frontend.

4.22.2. Executing Verilog-2005 frontend: /home/ale/miniconda3/envs/digital/bin/../share/yosys/ecp5/dsp_map.v
Parsing Verilog input from `/home/ale/miniconda3/envs/digital/bin/../share/yosys/ecp5/dsp_map.v' to AST representation.
Generating RTLIL representation for module `\$__MUL18X18'.
Successfully finished Verilog frontend.

4.22.3. Continuing TECHMAP pass.
No more expansions possible.

4.23. Executing ALUMACC pass (create $alu and $macc cells).
Extracting $alu and $macc cells in module top:
  creating $macc model for $flatten\screen_driver.$add$internal/ws2812_driver.v:44$231 ($add).
  creating $macc model for $flatten\screen_driver.$add$internal/ws2812_driver.v:62$239 ($add).
  creating $macc model for $flatten\screen_driver.$sub$internal/ws2812_driver.v:59$237 ($sub).
  creating $alu model for $macc $flatten\screen_driver.$sub$internal/ws2812_driver.v:59$237.
  creating $alu model for $macc $flatten\screen_driver.$add$internal/ws2812_driver.v:62$239.
  creating $alu model for $macc $flatten\screen_driver.$add$internal/ws2812_driver.v:44$231.
  creating $alu model for $flatten\screen_driver.$gt$internal/ws2812_driver.v:58$236 ($gt): new $alu
  creating $alu model for $flatten\screen_driver.$lt$internal/ws2812_driver.v:43$230 ($lt): new $alu
  creating $alu model for $flatten\screen_driver.$lt$internal/ws2812_driver.v:53$234 ($lt): new $alu
  creating $alu model for $flatten\screen_driver.$lt$internal/ws2812_driver.v:61$238 ($lt): new $alu
  creating $alu model for $flatten\screen_driver.$lt$internal/ws2812_driver.v:73$240 ($lt): new $alu
  creating $alu cell for $flatten\screen_driver.$lt$internal/ws2812_driver.v:73$240: $auto$alumacc.cc:485:replace_alu$453
  creating $alu cell for $flatten\screen_driver.$lt$internal/ws2812_driver.v:61$238: $auto$alumacc.cc:485:replace_alu$458
  creating $alu cell for $flatten\screen_driver.$lt$internal/ws2812_driver.v:53$234: $auto$alumacc.cc:485:replace_alu$469
  creating $alu cell for $flatten\screen_driver.$lt$internal/ws2812_driver.v:43$230: $auto$alumacc.cc:485:replace_alu$474
  creating $alu cell for $flatten\screen_driver.$gt$internal/ws2812_driver.v:58$236: $auto$alumacc.cc:485:replace_alu$479
  creating $alu cell for $flatten\screen_driver.$add$internal/ws2812_driver.v:44$231: $auto$alumacc.cc:485:replace_alu$484
  creating $alu cell for $flatten\screen_driver.$add$internal/ws2812_driver.v:62$239: $auto$alumacc.cc:485:replace_alu$487
  creating $alu cell for $flatten\screen_driver.$sub$internal/ws2812_driver.v:59$237: $auto$alumacc.cc:485:replace_alu$490
  created 8 $alu and 0 $macc cells.

4.24. Executing OPT pass (performing simple optimizations).

4.24.1. Executing OPT_EXPR pass (perform const folding).
Optimizing module top.

4.24.2. Executing OPT_MERGE pass (detect identical cells).
Finding identical cells in module `\top'.
Removed a total of 0 cells.

4.24.3. Executing OPT_MUXTREE pass (detect dead branches in mux trees).
Running muxtree optimizer on module \top..
  Creating internal representation of mux trees.
  Evaluating internal representation of mux trees.
  Analyzing evaluation results.
Removed 0 multiplexer ports.

4.24.4. Executing OPT_REDUCE pass (consolidate $*mux and $reduce_* inputs).
  Optimizing cells in module \top.
Performed a total of 0 changes.

4.24.5. Executing OPT_MERGE pass (detect identical cells).
Finding identical cells in module `\top'.
Removed a total of 0 cells.

4.24.6. Executing OPT_DFF pass (perform DFF optimizations).

4.24.7. Executing OPT_CLEAN pass (remove unused cells and wires).
Finding unused cells or wires in module \top..
Removed 0 unused cells and 5 unused wires.

4.24.8. Executing OPT_EXPR pass (perform const folding).
Optimizing module top.

4.24.9. Rerunning OPT passes. (Maybe there is more to do..)

4.24.10. Executing OPT_MUXTREE pass (detect dead branches in mux trees).
Running muxtree optimizer on module \top..
  Creating internal representation of mux trees.
  Evaluating internal representation of mux trees.
  Analyzing evaluation results.
Removed 0 multiplexer ports.

4.24.11. Executing OPT_REDUCE pass (consolidate $*mux and $reduce_* inputs).
  Optimizing cells in module \top.
Performed a total of 0 changes.

4.24.12. Executing OPT_MERGE pass (detect identical cells).
Finding identical cells in module `\top'.
Removed a total of 0 cells.

4.24.13. Executing OPT_DFF pass (perform DFF optimizations).

4.24.14. Executing OPT_CLEAN pass (remove unused cells and wires).
Finding unused cells or wires in module \top..

4.24.15. Executing OPT_EXPR pass (perform const folding).
Optimizing module top.

4.24.16. Finished OPT passes. (There is nothing left to do.)

4.25. Executing MEMORY pass.

4.25.1. Executing OPT_MEM pass (optimize memories).
Performed a total of 0 transformations.

4.25.2. Executing OPT_MEM_PRIORITY pass (removing unnecessary memory write priority relations).
Performed a total of 0 transformations.

4.25.3. Executing OPT_MEM_FEEDBACK pass (finding memory read-to-write feedback paths).

4.25.4. Executing MEMORY_BMUX2ROM pass (converting muxes to ROMs).

4.25.5. Executing MEMORY_DFF pass (merging $dff cells to $memrd).

4.25.6. Executing OPT_CLEAN pass (remove unused cells and wires).
Finding unused cells or wires in module \top..

4.25.7. Executing MEMORY_SHARE pass (consolidating $memrd/$memwr cells).

4.25.8. Executing OPT_MEM_WIDEN pass (optimize memories where all ports are wide).
Performed a total of 0 transformations.

4.25.9. Executing OPT_CLEAN pass (remove unused cells and wires).
Finding unused cells or wires in module \top..

4.25.10. Executing MEMORY_COLLECT pass (generating $mem cells).

4.26. Executing OPT_CLEAN pass (remove unused cells and wires).
Finding unused cells or wires in module \top..

4.27. Executing MEMORY_LIBMAP pass (mapping memories to cells).

4.28. Executing TECHMAP pass (map to technology primitives).

4.28.1. Executing Verilog-2005 frontend: /home/ale/miniconda3/envs/digital/bin/../share/yosys/ecp5/lutrams_map.v
Parsing Verilog input from `/home/ale/miniconda3/envs/digital/bin/../share/yosys/ecp5/lutrams_map.v' to AST representation.
Generating RTLIL representation for module `\$__TRELLIS_DPR16X4_'.
Successfully finished Verilog frontend.

4.28.2. Executing Verilog-2005 frontend: /home/ale/miniconda3/envs/digital/bin/../share/yosys/ecp5/brams_map.v
Parsing Verilog input from `/home/ale/miniconda3/envs/digital/bin/../share/yosys/ecp5/brams_map.v' to AST representation.
Generating RTLIL representation for module `\$__ECP5_DP16KD_'.
Generating RTLIL representation for module `\$__ECP5_PDPW16KD_'.
Successfully finished Verilog frontend.

4.28.3. Continuing TECHMAP pass.
No more expansions possible.

4.29. Executing OPT pass (performing simple optimizations).

4.29.1. Executing OPT_EXPR pass (perform const folding).
Optimizing module top.

4.29.2. Executing OPT_MERGE pass (detect identical cells).
Finding identical cells in module `\top'.
Removed a total of 0 cells.

4.29.3. Executing OPT_DFF pass (perform DFF optimizations).

4.29.4. Executing OPT_CLEAN pass (remove unused cells and wires).
Finding unused cells or wires in module \top..
Removed 11 unused cells and 24 unused wires.

4.29.5. Finished fast OPT passes.

4.30. Executing MEMORY_MAP pass (converting memories to logic and flip-flops).

4.31. Executing OPT pass (performing simple optimizations).

4.31.1. Executing OPT_EXPR pass (perform const folding).
Optimizing module top.

4.31.2. Executing OPT_MERGE pass (detect identical cells).
Finding identical cells in module `\top'.
Removed a total of 0 cells.

4.31.3. Executing OPT_MUXTREE pass (detect dead branches in mux trees).
Running muxtree optimizer on module \top..
  Creating internal representation of mux trees.
  Evaluating internal representation of mux trees.
  Analyzing evaluation results.
Removed 0 multiplexer ports.

4.31.4. Executing OPT_REDUCE pass (consolidate $*mux and $reduce_* inputs).
  Optimizing cells in module \top.
    New ctrl vector for $pmux cell $flatten\screen_driver.$procmux$293: \screen_driver.state [1]
    Consolidated identical input bits for $mux cell $flatten\screen_driver.$ternary$internal/ws2812_driver.v:43$229:
      Old ports: A=5'01001, B=5'10111, Y=$auto$wreduce.cc:461:run$446 [4:0]
      New ports: A=2'10, B=2'01, Y={ $auto$wreduce.cc:461:run$446 [3] $auto$wreduce.cc:461:run$446 [1] }
      New connections: { $auto$wreduce.cc:461:run$446 [4] $auto$wreduce.cc:461:run$446 [2] $auto$wreduce.cc:461:run$446 [0] } = { $auto$wreduce.cc:461:run$446 [1] $auto$wreduce.cc:461:run$446 [1] 1'1 }
    Consolidated identical input bits for $mux cell $flatten\screen_driver.$ternary$internal/ws2812_driver.v:53$233:
      Old ports: A=5'10111, B=5'01001, Y=$flatten\screen_driver.$ternary$internal/ws2812_driver.v:53$233_Y [4:0]
      New ports: A=2'01, B=2'10, Y={ $flatten\screen_driver.$ternary$internal/ws2812_driver.v:53$233_Y [3] $flatten\screen_driver.$ternary$internal/ws2812_driver.v:53$233_Y [1] }
      New connections: { $flatten\screen_driver.$ternary$internal/ws2812_driver.v:53$233_Y [4] $flatten\screen_driver.$ternary$internal/ws2812_driver.v:53$233_Y [2] $flatten\screen_driver.$ternary$internal/ws2812_driver.v:53$233_Y [0] } = { $flatten\screen_driver.$ternary$internal/ws2812_driver.v:53$233_Y [1] $flatten\screen_driver.$ternary$internal/ws2812_driver.v:53$233_Y [1] 1'1 }
  Optimizing cells in module \top.
Performed a total of 3 changes.

4.31.5. Executing OPT_MERGE pass (detect identical cells).
Finding identical cells in module `\top'.
Removed a total of 0 cells.

4.31.6. Executing OPT_DFF pass (perform DFF optimizations).

4.31.7. Executing OPT_CLEAN pass (remove unused cells and wires).
Finding unused cells or wires in module \top..

4.31.8. Executing OPT_EXPR pass (perform const folding).
Optimizing module top.

4.31.9. Rerunning OPT passes. (Maybe there is more to do..)

4.31.10. Executing OPT_MUXTREE pass (detect dead branches in mux trees).
Running muxtree optimizer on module \top..
  Creating internal representation of mux trees.
  Evaluating internal representation of mux trees.
  Analyzing evaluation results.
Removed 0 multiplexer ports.

4.31.11. Executing OPT_REDUCE pass (consolidate $*mux and $reduce_* inputs).
  Optimizing cells in module \top.
Performed a total of 0 changes.

4.31.12. Executing OPT_MERGE pass (detect identical cells).
Finding identical cells in module `\top'.
Removed a total of 0 cells.

4.31.13. Executing OPT_DFF pass (perform DFF optimizations).

4.31.14. Executing OPT_CLEAN pass (remove unused cells and wires).
Finding unused cells or wires in module \top..

4.31.15. Executing OPT_EXPR pass (perform const folding).
Optimizing module top.

4.31.16. Finished OPT passes. (There is nothing left to do.)

4.32. Executing TECHMAP pass (map to technology primitives).

4.32.1. Executing Verilog-2005 frontend: /home/ale/miniconda3/envs/digital/bin/../share/yosys/techmap.v
Parsing Verilog input from `/home/ale/miniconda3/envs/digital/bin/../share/yosys/techmap.v' to AST representation.
Generating RTLIL representation for module `\_90_simplemap_bool_ops'.
Generating RTLIL representation for module `\_90_simplemap_reduce_ops'.
Generating RTLIL representation for module `\_90_simplemap_logic_ops'.
Generating RTLIL representation for module `\_90_simplemap_compare_ops'.
Generating RTLIL representation for module `\_90_simplemap_various'.
Generating RTLIL representation for module `\_90_simplemap_registers'.
Generating RTLIL representation for module `\_90_shift_ops_shr_shl_sshl_sshr'.
Generating RTLIL representation for module `\_90_shift_shiftx'.
Generating RTLIL representation for module `\_90_fa'.
Generating RTLIL representation for module `\_90_lcu'.
Generating RTLIL representation for module `\_90_alu'.
Generating RTLIL representation for module `\_90_macc'.
Generating RTLIL representation for module `\_90_alumacc'.
Generating RTLIL representation for module `\$__div_mod_u'.
Generating RTLIL representation for module `\$__div_mod_trunc'.
Generating RTLIL representation for module `\_90_div'.
Generating RTLIL representation for module `\_90_mod'.
Generating RTLIL representation for module `\$__div_mod_floor'.
Generating RTLIL representation for module `\_90_divfloor'.
Generating RTLIL representation for module `\_90_modfloor'.
Generating RTLIL representation for module `\_90_pow'.
Generating RTLIL representation for module `\_90_pmux'.
Generating RTLIL representation for module `\_90_demux'.
Generating RTLIL representation for module `\_90_lut'.
Successfully finished Verilog frontend.

4.32.2. Executing Verilog-2005 frontend: /home/ale/miniconda3/envs/digital/bin/../share/yosys/ecp5/arith_map.v
Parsing Verilog input from `/home/ale/miniconda3/envs/digital/bin/../share/yosys/ecp5/arith_map.v' to AST representation.
Generating RTLIL representation for module `\_80_ecp5_alu'.
Successfully finished Verilog frontend.

4.32.3. Continuing TECHMAP pass.
Using extmapper simplemap for cells of type $not.
Using extmapper simplemap for cells of type $and.
Using extmapper simplemap for cells of type $eq.
Using extmapper simplemap for cells of type $reduce_and.
Using template $paramod$484d51534650924b7ed4c69e46eed3a56904771f\_80_ecp5_alu for cells of type $alu.
Using extmapper simplemap for cells of type $ne.
Using extmapper simplemap for cells of type $reduce_bool.
Using extmapper simplemap for cells of type $dff.
Using extmapper simplemap for cells of type $sdff.
Using extmapper simplemap for cells of type $sdffe.
Using extmapper simplemap for cells of type $mux.
Using extmapper simplemap for cells of type $reduce_or.
Using template $paramod$92cf01bf728df7e0842e2c2f058ab4e418831778\_90_pmux for cells of type $pmux.
Using template $paramod$dc04b7d98e503a7bab16fce2df70e6e2c5ca34d6\_80_ecp5_alu for cells of type $alu.
Using template $paramod$a4cd5864316cd4ed9c6832759038dc317198ba73\_80_ecp5_alu for cells of type $alu.
Using template $paramod$2f5fb04daf2da94d981bf9455fa4454c6ec8b705\_80_ecp5_alu for cells of type $alu.
Using template $paramod$754650b284649a026620fc6856e5b6886cbfe794\_80_ecp5_alu for cells of type $alu.
Using template $paramod$672a140277c71df8314410f22acc08d55222c3c7\_80_ecp5_alu for cells of type $alu.
Using template $paramod$constmap:67f065f80936abfd86574f17dcefe42ea5544ee5$paramod$36bcedab95bc008bdb3be17850b72f55052ea47a\_90_shift_shiftx for cells of type $shiftx.
Using extmapper simplemap for cells of type $logic_or.
Using extmapper simplemap for cells of type $logic_and.
Using extmapper simplemap for cells of type $xor.
Using extmapper simplemap for cells of type $pos.
No more expansions possible.

4.33. Executing OPT pass (performing simple optimizations).

4.33.1. Executing OPT_EXPR pass (perform const folding).
Optimizing module top.

4.33.2. Executing OPT_MERGE pass (detect identical cells).
Finding identical cells in module `\top'.
Removed a total of 48 cells.

4.33.3. Executing OPT_DFF pass (perform DFF optimizations).

4.33.4. Executing OPT_CLEAN pass (remove unused cells and wires).
Finding unused cells or wires in module \top..
Removed 143 unused cells and 486 unused wires.

4.33.5. Finished fast OPT passes.

4.34. Executing OPT_CLEAN pass (remove unused cells and wires).
Finding unused cells or wires in module \top..

4.35. Executing DFFLEGALIZE pass (convert FFs to types supported by the target).

4.36. Executing TECHMAP pass (map to technology primitives).

4.36.1. Executing Verilog-2005 frontend: /home/ale/miniconda3/envs/digital/bin/../share/yosys/ecp5/cells_map.v
Parsing Verilog input from `/home/ale/miniconda3/envs/digital/bin/../share/yosys/ecp5/cells_map.v' to AST representation.
Generating RTLIL representation for module `\$_DFF_N_'.
Generating RTLIL representation for module `\$_DFF_P_'.
Generating RTLIL representation for module `\$_DFFE_NN_'.
Generating RTLIL representation for module `\$_DFFE_PN_'.
Generating RTLIL representation for module `\$_DFFE_NP_'.
Generating RTLIL representation for module `\$_DFFE_PP_'.
Generating RTLIL representation for module `\$_DFF_NP0_'.
Generating RTLIL representation for module `\$_DFF_NP1_'.
Generating RTLIL representation for module `\$_DFF_PP0_'.
Generating RTLIL representation for module `\$_DFF_PP1_'.
Generating RTLIL representation for module `\$_SDFF_NP0_'.
Generating RTLIL representation for module `\$_SDFF_NP1_'.
Generating RTLIL representation for module `\$_SDFF_PP0_'.
Generating RTLIL representation for module `\$_SDFF_PP1_'.
Generating RTLIL representation for module `\$_DFFE_NP0P_'.
Generating RTLIL representation for module `\$_DFFE_NP1P_'.
Generating RTLIL representation for module `\$_DFFE_PP0P_'.
Generating RTLIL representation for module `\$_DFFE_PP1P_'.
Generating RTLIL representation for module `\$_DFFE_NP0N_'.
Generating RTLIL representation for module `\$_DFFE_NP1N_'.
Generating RTLIL representation for module `\$_DFFE_PP0N_'.
Generating RTLIL representation for module `\$_DFFE_PP1N_'.
Generating RTLIL representation for module `\$_SDFFE_NP0P_'.
Generating RTLIL representation for module `\$_SDFFE_NP1P_'.
Generating RTLIL representation for module `\$_SDFFE_PP0P_'.
Generating RTLIL representation for module `\$_SDFFE_PP1P_'.
Generating RTLIL representation for module `\$_SDFFE_NP0N_'.
Generating RTLIL representation for module `\$_SDFFE_NP1N_'.
Generating RTLIL representation for module `\$_SDFFE_PP0N_'.
Generating RTLIL representation for module `\$_SDFFE_PP1N_'.
Generating RTLIL representation for module `\$_ALDFF_NP_'.
Generating RTLIL representation for module `\$_ALDFF_PP_'.
Generating RTLIL representation for module `\$_ALDFFE_NPN_'.
Generating RTLIL representation for module `\$_ALDFFE_NPP_'.
Generating RTLIL representation for module `\$_ALDFFE_PPN_'.
Generating RTLIL representation for module `\$_ALDFFE_PPP_'.
Generating RTLIL representation for module `\FD1P3AX'.
Generating RTLIL representation for module `\FD1P3AY'.
Generating RTLIL representation for module `\FD1P3BX'.
Generating RTLIL representation for module `\FD1P3DX'.
Generating RTLIL representation for module `\FD1P3IX'.
Generating RTLIL representation for module `\FD1P3JX'.
Generating RTLIL representation for module `\FD1S3AX'.
Generating RTLIL representation for module `\FD1S3AY'.
Generating RTLIL representation for module `\FD1S3BX'.
Generating RTLIL representation for module `\FD1S3DX'.
Generating RTLIL representation for module `\FD1S3IX'.
Generating RTLIL representation for module `\FD1S3JX'.
Generating RTLIL representation for module `\IFS1P3BX'.
Generating RTLIL representation for module `\IFS1P3DX'.
Generating RTLIL representation for module `\IFS1P3IX'.
Generating RTLIL representation for module `\IFS1P3JX'.
Generating RTLIL representation for module `\OFS1P3BX'.
Generating RTLIL representation for module `\OFS1P3DX'.
Generating RTLIL representation for module `\OFS1P3IX'.
Generating RTLIL representation for module `\OFS1P3JX'.
Generating RTLIL representation for module `\IB'.
Generating RTLIL representation for module `\IBPU'.
Generating RTLIL representation for module `\IBPD'.
Generating RTLIL representation for module `\OB'.
Generating RTLIL representation for module `\OBZ'.
Generating RTLIL representation for module `\OBZPU'.
Generating RTLIL representation for module `\OBZPD'.
Generating RTLIL representation for module `\OBCO'.
Generating RTLIL representation for module `\BB'.
Generating RTLIL representation for module `\BBPU'.
Generating RTLIL representation for module `\BBPD'.
Generating RTLIL representation for module `\ILVDS'.
Generating RTLIL representation for module `\OLVDS'.
Successfully finished Verilog frontend.

4.36.2. Continuing TECHMAP pass.
Using template $paramod\$_DFF_P_\_TECHMAP_WIREINIT_Q_=1'x for cells of type $_DFF_P_.
Using template \$_SDFF_PP0_ for cells of type $_SDFF_PP0_.
Using template \$_SDFFE_PP1P_ for cells of type $_SDFFE_PP1P_.
Using template \$_SDFFE_PP0P_ for cells of type $_SDFFE_PP0P_.
No more expansions possible.

4.37. Executing OPT_EXPR pass (perform const folding).
Optimizing module top.

4.38. Executing SIMPLEMAP pass (map simple cells to gate primitives).

4.39. Executing LATTICE_GSR pass (implement FF init values).
Handling GSR in top.

4.40. Executing ATTRMVCP pass (move or copy attributes).

4.41. Executing OPT_CLEAN pass (remove unused cells and wires).
Finding unused cells or wires in module \top..
Removed 0 unused cells and 167 unused wires.

4.42. Executing TECHMAP pass (map to technology primitives).

4.42.1. Executing Verilog-2005 frontend: /home/ale/miniconda3/envs/digital/bin/../share/yosys/ecp5/latches_map.v
Parsing Verilog input from `/home/ale/miniconda3/envs/digital/bin/../share/yosys/ecp5/latches_map.v' to AST representation.
Generating RTLIL representation for module `\$_DLATCH_N_'.
Generating RTLIL representation for module `\$_DLATCH_P_'.
Successfully finished Verilog frontend.

4.42.2. Continuing TECHMAP pass.
No more expansions possible.

4.43. Executing ABC pass (technology mapping using ABC).

4.43.1. Extracting gate netlist of module `\top' to `<abc-temp-dir>/input.blif'..
Extracted 219 gates and 268 wires to a netlist network with 47 inputs and 62 outputs.

4.43.1.1. Executing ABC.
Running ABC command: "<yosys-exe-dir>/yosys-abc" -s -f <abc-temp-dir>/abc.script 2>&1
ABC: ABC command line: "source <abc-temp-dir>/abc.script".
ABC: 
ABC: + read_blif <abc-temp-dir>/input.blif 
ABC: + read_lut <abc-temp-dir>/lutdefs.txt 
ABC: + strash 
ABC: + &get -n 
ABC: + &fraig -x 
ABC: + &put 
ABC: + scorr 
ABC: Warning: The network is combinational (run "fraig" or "fraig_sweep").
ABC: + dc2 
ABC: + dretime 
ABC: + strash 
ABC: + dch -f 
ABC: + if 
ABC: + mfs2 
ABC: + dress <abc-temp-dir>/input.blif 
ABC: Total number of equiv classes                =      38.
ABC: Participating nodes from both networks       =     144.
ABC: Participating nodes from the first network   =      65. (  90.28 % of nodes)
ABC: Participating nodes from the second network  =      79. ( 109.72 % of nodes)
ABC: Node pairs (any polarity)                    =      65. (  90.28 % of names can be moved)
ABC: Node pairs (same polarity)                   =      64. (  88.89 % of names can be moved)
ABC: Total runtime =     0.06 sec
ABC: + write_blif <abc-temp-dir>/output.blif 

4.43.1.2. Re-integrating ABC results.
ABC RESULTS:              $lut cells:       71
ABC RESULTS:        internal signals:      159
ABC RESULTS:           input signals:       47
ABC RESULTS:          output signals:       62
Removing temp directory.
Removed 0 unused cells and 163 unused wires.

4.44. Executing TECHMAP pass (map to technology primitives).

4.44.1. Executing Verilog-2005 frontend: /home/ale/miniconda3/envs/digital/bin/../share/yosys/ecp5/cells_map.v
Parsing Verilog input from `/home/ale/miniconda3/envs/digital/bin/../share/yosys/ecp5/cells_map.v' to AST representation.
Generating RTLIL representation for module `\$_DFF_N_'.
Generating RTLIL representation for module `\$_DFF_P_'.
Generating RTLIL representation for module `\$_DFFE_NN_'.
Generating RTLIL representation for module `\$_DFFE_PN_'.
Generating RTLIL representation for module `\$_DFFE_NP_'.
Generating RTLIL representation for module `\$_DFFE_PP_'.
Generating RTLIL representation for module `\$_DFF_NP0_'.
Generating RTLIL representation for module `\$_DFF_NP1_'.
Generating RTLIL representation for module `\$_DFF_PP0_'.
Generating RTLIL representation for module `\$_DFF_PP1_'.
Generating RTLIL representation for module `\$_SDFF_NP0_'.
Generating RTLIL representation for module `\$_SDFF_NP1_'.
Generating RTLIL representation for module `\$_SDFF_PP0_'.
Generating RTLIL representation for module `\$_SDFF_PP1_'.
Generating RTLIL representation for module `\$_DFFE_NP0P_'.
Generating RTLIL representation for module `\$_DFFE_NP1P_'.
Generating RTLIL representation for module `\$_DFFE_PP0P_'.
Generating RTLIL representation for module `\$_DFFE_PP1P_'.
Generating RTLIL representation for module `\$_DFFE_NP0N_'.
Generating RTLIL representation for module `\$_DFFE_NP1N_'.
Generating RTLIL representation for module `\$_DFFE_PP0N_'.
Generating RTLIL representation for module `\$_DFFE_PP1N_'.
Generating RTLIL representation for module `\$_SDFFE_NP0P_'.
Generating RTLIL representation for module `\$_SDFFE_NP1P_'.
Generating RTLIL representation for module `\$_SDFFE_PP0P_'.
Generating RTLIL representation for module `\$_SDFFE_PP1P_'.
Generating RTLIL representation for module `\$_SDFFE_NP0N_'.
Generating RTLIL representation for module `\$_SDFFE_NP1N_'.
Generating RTLIL representation for module `\$_SDFFE_PP0N_'.
Generating RTLIL representation for module `\$_SDFFE_PP1N_'.
Generating RTLIL representation for module `\$_ALDFF_NP_'.
Generating RTLIL representation for module `\$_ALDFF_PP_'.
Generating RTLIL representation for module `\$_ALDFFE_NPN_'.
Generating RTLIL representation for module `\$_ALDFFE_NPP_'.
Generating RTLIL representation for module `\$_ALDFFE_PPN_'.
Generating RTLIL representation for module `\$_ALDFFE_PPP_'.
Generating RTLIL representation for module `\FD1P3AX'.
Generating RTLIL representation for module `\FD1P3AY'.
Generating RTLIL representation for module `\FD1P3BX'.
Generating RTLIL representation for module `\FD1P3DX'.
Generating RTLIL representation for module `\FD1P3IX'.
Generating RTLIL representation for module `\FD1P3JX'.
Generating RTLIL representation for module `\FD1S3AX'.
Generating RTLIL representation for module `\FD1S3AY'.
Generating RTLIL representation for module `\FD1S3BX'.
Generating RTLIL representation for module `\FD1S3DX'.
Generating RTLIL representation for module `\FD1S3IX'.
Generating RTLIL representation for module `\FD1S3JX'.
Generating RTLIL representation for module `\IFS1P3BX'.
Generating RTLIL representation for module `\IFS1P3DX'.
Generating RTLIL representation for module `\IFS1P3IX'.
Generating RTLIL representation for module `\IFS1P3JX'.
Generating RTLIL representation for module `\OFS1P3BX'.
Generating RTLIL representation for module `\OFS1P3DX'.
Generating RTLIL representation for module `\OFS1P3IX'.
Generating RTLIL representation for module `\OFS1P3JX'.
Generating RTLIL representation for module `\IB'.
Generating RTLIL representation for module `\IBPU'.
Generating RTLIL representation for module `\IBPD'.
Generating RTLIL representation for module `\OB'.
Generating RTLIL representation for module `\OBZ'.
Generating RTLIL representation for module `\OBZPU'.
Generating RTLIL representation for module `\OBZPD'.
Generating RTLIL representation for module `\OBCO'.
Generating RTLIL representation for module `\BB'.
Generating RTLIL representation for module `\BBPU'.
Generating RTLIL representation for module `\BBPD'.
Generating RTLIL representation for module `\ILVDS'.
Generating RTLIL representation for module `\OLVDS'.
Generating RTLIL representation for module `\$lut'.
Successfully finished Verilog frontend.

4.44.2. Continuing TECHMAP pass.
Using template $paramod$43779580bfffd5d5a9f321249a174febf1dac288\$lut for cells of type $lut.
Using template $paramod$e5759512db67494ff77fbdfc66dff4006376568f\$lut for cells of type $lut.
Using template $paramod\$lut\WIDTH=32'00000000000000000000000000000010\LUT=4'0100 for cells of type $lut.
Using template $paramod$f9b715fbf1040e81e900b2461c2390d17ed5e988\$lut for cells of type $lut.
Using template $paramod\$lut\WIDTH=32'00000000000000000000000000000001\LUT=2'01 for cells of type $lut.
Using template $paramod$b4f85a6321a00b090afc4e21d68e7b99eb94d149\$lut for cells of type $lut.
Using template $paramod$6d6beead1425af15cf78b27fd9b11b41b5d4bce8\$lut for cells of type $lut.
Using template $paramod$571404c0889eaf57f492cb5e37f8acb5df5852f9\$lut for cells of type $lut.
Using template $paramod\$lut\WIDTH=32'00000000000000000000000000000010\LUT=4'1000 for cells of type $lut.
Using template $paramod$dbc0a9bdfd127ce1b4b5552eb6fe01ed20a38345\$lut for cells of type $lut.
Using template $paramod$5deeaee40c5165e536579ba920690606cba2b5eb\$lut for cells of type $lut.
Using template $paramod$f1e6e0b8df03bba6a98f62cd42cc5784a8fdedbe\$lut for cells of type $lut.
Using template $paramod$87fd38c7410a405820f90fa2aa87a93cfe4c99ab\$lut for cells of type $lut.
Using template $paramod\$lut\WIDTH=32'00000000000000000000000000000011\LUT=8'00000001 for cells of type $lut.
Using template $paramod$821faed1475c638687052ec0c9f7ab37407237cb\$lut for cells of type $lut.
Using template $paramod$ae9b8abdb4f811ce37985dd5106af9cd21223954\$lut for cells of type $lut.
Using template $paramod$260a5dbd3303020bf6bacc5a8a6807c6aca3c9ab\$lut for cells of type $lut.
No more expansions possible.

4.45. Executing OPT_LUT_INS pass (discard unused LUT inputs).
Optimizing LUTs in top.
  Optimizing lut $abc$2174$auto$blifparse.cc:525:parse_blif$2182.genblk1.genblk1.genblk1.genblk1.genblk1.genblk1.lut1 (4 -> 0)
  Optimizing lut $abc$2174$auto$blifparse.cc:525:parse_blif$2182.genblk1.genblk1.genblk1.genblk1.genblk1.genblk1.lut2 (4 -> 0)
  Optimizing lut $abc$2174$auto$blifparse.cc:525:parse_blif$2185.genblk1.genblk1.genblk1.genblk1.genblk1.genblk1.lut2 (4 -> 0)
  Optimizing lut $abc$2174$auto$blifparse.cc:525:parse_blif$2185.genblk1.genblk1.genblk1.genblk1.genblk1.genblk1.lut3 (4 -> 0)
  Optimizing lut $abc$2174$auto$blifparse.cc:525:parse_blif$2187.genblk1.genblk1.genblk1.genblk1.genblk1.genblk1.genblk1.lut2 (4 -> 0)
  Optimizing lut $abc$2174$auto$blifparse.cc:525:parse_blif$2187.genblk1.genblk1.genblk1.genblk1.genblk1.genblk1.genblk1.lut3 (4 -> 0)
  Optimizing lut $abc$2174$auto$blifparse.cc:525:parse_blif$2187.genblk1.genblk1.genblk1.genblk1.genblk1.genblk1.genblk1.lut4 (4 -> 0)
  Optimizing lut $abc$2174$auto$blifparse.cc:525:parse_blif$2187.genblk1.genblk1.genblk1.genblk1.genblk1.genblk1.genblk1.lut6 (4 -> 0)
  Optimizing lut $abc$2174$auto$blifparse.cc:525:parse_blif$2187.genblk1.genblk1.genblk1.genblk1.genblk1.genblk1.genblk1.lut7 (4 -> 0)
  Optimizing lut $abc$2174$auto$blifparse.cc:525:parse_blif$2189.genblk1.genblk1.genblk1.genblk1.genblk1.genblk1.genblk1.lut1 (4 -> 0)
  Optimizing lut $abc$2174$auto$blifparse.cc:525:parse_blif$2189.genblk1.genblk1.genblk1.genblk1.genblk1.genblk1.genblk1.lut2 (4 -> 2)
  Optimizing lut $abc$2174$auto$blifparse.cc:525:parse_blif$2189.genblk1.genblk1.genblk1.genblk1.genblk1.genblk1.genblk1.lut3 (4 -> 0)
  Optimizing lut $abc$2174$auto$blifparse.cc:525:parse_blif$2189.genblk1.genblk1.genblk1.genblk1.genblk1.genblk1.genblk1.lut4 (4 -> 2)
  Optimizing lut $abc$2174$auto$blifparse.cc:525:parse_blif$2189.genblk1.genblk1.genblk1.genblk1.genblk1.genblk1.genblk1.lut5 (4 -> 0)
  Optimizing lut $abc$2174$auto$blifparse.cc:525:parse_blif$2189.genblk1.genblk1.genblk1.genblk1.genblk1.genblk1.genblk1.lut7 (4 -> 0)
  Optimizing lut $abc$2174$auto$blifparse.cc:525:parse_blif$2175.genblk1.genblk1.genblk1.genblk1.genblk1.genblk1.lut1 (4 -> 0)
  Optimizing lut $abc$2174$auto$blifparse.cc:525:parse_blif$2175.genblk1.genblk1.genblk1.genblk1.genblk1.genblk1.lut3 (4 -> 0)
  Optimizing lut $abc$2174$auto$blifparse.cc:525:parse_blif$2181.genblk1.genblk1.genblk1.genblk1.genblk1.lut0 (4 -> 0)
  Optimizing lut $abc$2174$auto$blifparse.cc:525:parse_blif$2182.genblk1.genblk1.genblk1.genblk1.genblk1.genblk1.lut0 (4 -> 0)
  Optimizing lut $abc$2174$auto$blifparse.cc:525:parse_blif$2175.genblk1.genblk1.genblk1.genblk1.genblk1.genblk1.lut0 (4 -> 0)
  Optimizing lut $abc$2174$auto$blifparse.cc:525:parse_blif$2185.genblk1.genblk1.genblk1.genblk1.genblk1.genblk1.lut0 (4 -> 0)
  Optimizing lut $abc$2174$auto$blifparse.cc:525:parse_blif$2187.genblk1.genblk1.genblk1.genblk1.genblk1.genblk1.genblk1.lut0 (4 -> 0)
  Optimizing lut $abc$2174$auto$blifparse.cc:525:parse_blif$2189.genblk1.genblk1.genblk1.genblk1.genblk1.genblk1.genblk1.lut0 (4 -> 2)
  Optimizing lut $abc$2174$auto$blifparse.cc:525:parse_blif$2187.genblk1.genblk1.genblk1.genblk1.genblk1.genblk1.genblk1.lut1 (4 -> 0)
Removed 0 unused cells and 148 unused wires.

4.46. Executing AUTONAME pass.
Renamed 2092 objects in module top (35 iterations).

4.47. Executing HIERARCHY pass (managing design hierarchy).

4.47.1. Analyzing design hierarchy..
Top module:  \top

4.47.2. Analyzing design hierarchy..
Top module:  \top
Removed 0 unused modules.

4.48. Printing statistics.

=== top ===

   Number of wires:                135
   Number of wire bits:            514
   Number of public wires:         135
   Number of public wire bits:     514
   Number of memories:               0
   Number of memory bits:            0
   Number of processes:              0
   Number of cells:                203
     CCU2C                          53
     L6MUX21                         9
     LUT4                           95
     PFUMX                          15
     TRELLIS_FF                     31

4.49. Executing CHECK pass (checking for obvious problems).
Checking module top...
Found and reported 0 problems.

4.50. Executing JSON backend.

End of script. Logfile hash: d546bce0da, CPU: user 1.82s system 0.05s, MEM: 27.59 MB peak
Yosys 0.33+6 (git sha1 41b34a193, x86_64-conda-linux-gnu-cc 11.2.0 -fvisibility-inlines-hidden -fmessage-length=0 -march=nocona -mtune=haswell -ftree-vectorize -fPIC -fstack-protector-strong -fno-plt -O2 -ffunction-sections -fdebug-prefix-map=/root/conda-eda/conda-eda/workdir/conda-env/conda-bld/yosys_1694128612374/work=/usr/local/src/conda/yosys-0.33_7_g41b34a193 -fdebug-prefix-map=/home/ale/miniconda3/envs/digital=/usr/local/src/conda-prefix -fPIC -Os -fno-merge-constants)
Time spent: 34% 19x read_verilog (0 sec), 13% 1x abc (0 sec), ...
